16:01:29 **** Build of configuration Debug for project usbx_demo_pcdc_rza3_fsp ****
make -r --output-sync -j8 all 
Building file: ../src/hal_entry.c
Building file: ../src/mmu_page_table.c
Building file: ../src/rm_usbx_pcdc_descriptor.c
Building file: ../src/new_thread0_entry.c
Building file: ../src/stdio_uart0.c
../src/stdio_uart0.c:53:17: warning: type defaults to 'int' in declaration of 'wait_tx' [-Wimplicit-int]
   53 | static volatile wait_tx = 0;
      |                 ^~~~~~~
Building file: ../src/sections.c
Building file: ../src/syscalls.c
Building file: ../rza_gen/common_data.c
Building file: ../rza/microsoft/azure-rtos/usbx/common/usbx_device_classes/src/ux_device_class_cdc_acm_bulkin_thread.c
Building file: ../rza/microsoft/azure-rtos/usbx/common/usbx_device_classes/src/ux_device_class_cdc_acm_activate.c
Building file: ../rza/microsoft/azure-rtos/usbx/common/usbx_device_classes/src/ux_device_class_cdc_acm_bulkout_thread.c
Building file: ../rza_gen/main.c
Building file: ../rza_gen/new_thread0.c
In file included from ../rza_gen/new_thread0.h:5,
                 from ../rza_gen/new_thread0.c:2:
../rza_gen/new_thread0.c: In function 'new_thread0_create':
../rza_gen/new_thread0.c:71:83: warning: cast from pointer to integer of different size [-Wpointer-to-int-cast]
   71 |     err = tx_thread_create (&new_thread0, (CHAR*) "New Thread", new_thread0_func, (ULONG) NULL, &new_thread0_stack,
      |                                                                                   ^
C:\work_git\rza3_gcc_azure_rtos_examples\evk_rza3ul\usbx_demo_pcdc_rza3_fsp\rza\microsoft\azure-rtos\threadx\common\inc/tx_api.h:1405:85: note: in definition of macro 'tx_thread_create'
Building file: ../rza_gen/hal_data.c
 1405 | #define tx_thread_create(t,n,e,i,s,l,p,r,c,a)       _txe_thread_create((t),(n),(e),(i),(s),(l),(p),(r),(c),(a),(sizeof(TX_THREAD)))
      |                                                                                     ^
Building file: ../rza_gen/pin_data.c
Building file: ../rza_gen/vector_data.c
Building file: ../rza/microsoft/azure-rtos/usbx/common/usbx_device_classes/src/ux_device_class_cdc_acm_control_request.c
Building file: ../rza/microsoft/azure-rtos/usbx/common/usbx_device_classes/src/ux_device_class_cdc_acm_entry.c
Building file: ../rza/microsoft/azure-rtos/usbx/common/usbx_device_classes/src/ux_device_class_cdc_acm_deactivate.c
Building file: ../rza/microsoft/azure-rtos/usbx/common/usbx_device_classes/src/ux_device_class_cdc_acm_initialize.c
Building file: ../rza/microsoft/azure-rtos/usbx/common/usbx_device_classes/src/ux_device_class_cdc_acm_read.c
Building file: ../rza/microsoft/azure-rtos/usbx/common/usbx_device_classes/src/ux_device_class_cdc_acm_ioctl.c
Building file: ../rza/microsoft/azure-rtos/usbx/common/usbx_device_classes/src/ux_device_class_cdc_acm_unitialize.c
Building file: ../rza/microsoft/azure-rtos/usbx/common/usbx_device_classes/src/ux_device_class_cdc_acm_write.c
Building file: ../rza/microsoft/azure-rtos/usbx/common/usbx_device_classes/src/ux_device_class_cdc_acm_write_with_callback.c
Building file: ../rza/microsoft/azure-rtos/usbx/common/core/src/ux_dcd_sim_slave_address_set.c
Building file: ../rza/microsoft/azure-rtos/usbx/common/core/src/ux_dcd_sim_slave_endpoint_create.c
Building file: ../rza/microsoft/azure-rtos/usbx/common/core/src/ux_dcd_sim_slave_endpoint_reset.c
Building file: ../rza/microsoft/azure-rtos/usbx/common/core/src/ux_dcd_sim_slave_endpoint_destroy.c
Building file: ../rza/microsoft/azure-rtos/usbx/common/core/src/ux_dcd_sim_slave_endpoint_stall.c
Building file: ../rza/microsoft/azure-rtos/usbx/common/core/src/ux_dcd_sim_slave_frame_number_get.c
Building file: ../rza/microsoft/azure-rtos/usbx/common/core/src/ux_dcd_sim_slave_endpoint_status.c
Building file: ../rza/microsoft/azure-rtos/usbx/common/core/src/ux_dcd_sim_slave_function.c
Building file: ../rza/microsoft/azure-rtos/usbx/common/core/src/ux_dcd_sim_slave_initialize.c
Building file: ../rza/microsoft/azure-rtos/usbx/common/core/src/ux_dcd_sim_slave_initialize_complete.c
Building file: ../rza/microsoft/azure-rtos/usbx/common/core/src/ux_dcd_sim_slave_state_change.c
Building file: ../rza/microsoft/azure-rtos/usbx/common/core/src/ux_dcd_sim_slave_transfer_abort.c
Building file: ../rza/microsoft/azure-rtos/usbx/common/core/src/ux_dcd_sim_slave_transfer_request.c
Building file: ../rza/microsoft/azure-rtos/usbx/common/core/src/ux_dcd_sim_slave_transfer_run.c
Building file: ../rza/microsoft/azure-rtos/usbx/common/core/src/ux_device_class_dpump_activate.c
Building file: ../rza/microsoft/azure-rtos/usbx/common/core/src/ux_device_class_dpump_change.c
Building file: ../rza/microsoft/azure-rtos/usbx/common/core/src/ux_device_class_dpump_deactivate.c
Building file: ../rza/microsoft/azure-rtos/usbx/common/core/src/ux_device_class_dpump_entry.c
Building file: ../rza/microsoft/azure-rtos/usbx/common/core/src/ux_device_class_dpump_initialize.c
Building file: ../rza/microsoft/azure-rtos/usbx/common/core/src/ux_device_class_dpump_read.c
Building file: ../rza/microsoft/azure-rtos/usbx/common/core/src/ux_device_class_dpump_thread.c
Building file: ../rza/microsoft/azure-rtos/usbx/common/core/src/ux_device_class_dpump_write.c
Building file: ../rza/microsoft/azure-rtos/usbx/common/core/src/ux_device_class_dpump_read_run.c
Building file: ../rza/microsoft/azure-rtos/usbx/common/core/src/ux_device_class_dpump_write_run.c
Building file: ../rza/microsoft/azure-rtos/usbx/common/core/src/ux_device_stack_alternate_setting_get.c
Building file: ../rza/microsoft/azure-rtos/usbx/common/core/src/ux_device_stack_alternate_setting_set.c
Building file: ../rza/microsoft/azure-rtos/usbx/common/core/src/ux_device_stack_class_register.c
Building file: ../rza/microsoft/azure-rtos/usbx/common/core/src/ux_device_stack_class_unregister.c
Building file: ../rza/microsoft/azure-rtos/usbx/common/core/src/ux_device_stack_configuration_get.c
Building file: ../rza/microsoft/azure-rtos/usbx/common/core/src/ux_device_stack_clear_feature.c
Building file: ../rza/microsoft/azure-rtos/usbx/common/core/src/ux_device_stack_configuration_set.c
Building file: ../rza/microsoft/azure-rtos/usbx/common/core/src/ux_device_stack_control_request_process.c
Building file: ../rza/microsoft/azure-rtos/usbx/common/core/src/ux_device_stack_descriptor_send.c
Building file: ../rza/microsoft/azure-rtos/usbx/common/core/src/ux_device_stack_disconnect.c
Building file: ../rza/microsoft/azure-rtos/usbx/common/core/src/ux_device_stack_get_status.c
Building file: ../rza/microsoft/azure-rtos/usbx/common/core/src/ux_device_stack_endpoint_stall.c
Building file: ../rza/microsoft/azure-rtos/usbx/common/core/src/ux_device_stack_host_wakeup.c
Building file: ../rza/microsoft/azure-rtos/usbx/common/core/src/ux_device_stack_initialize.c
Building file: ../rza/microsoft/azure-rtos/usbx/common/core/src/ux_device_stack_interface_delete.c
Building file: ../rza/microsoft/azure-rtos/usbx/common/core/src/ux_device_stack_interface_set.c
Building file: ../rza/microsoft/azure-rtos/usbx/common/core/src/ux_device_stack_interface_get.c
Building file: ../rza/microsoft/azure-rtos/usbx/common/core/src/ux_device_stack_interface_start.c
Building file: ../rza/microsoft/azure-rtos/usbx/common/core/src/ux_device_stack_microsoft_extension_register.c
Building file: ../rza/microsoft/azure-rtos/usbx/common/core/src/ux_device_stack_set_feature.c
Building file: ../rza/microsoft/azure-rtos/usbx/common/core/src/ux_device_stack_tasks_run.c
Building file: ../rza/microsoft/azure-rtos/usbx/common/core/src/ux_device_stack_transfer_abort.c
Building file: ../rza/microsoft/azure-rtos/usbx/common/core/src/ux_device_stack_transfer_all_request_abort.c
Building file: ../rza/microsoft/azure-rtos/usbx/common/core/src/ux_device_stack_transfer_request.c
Building file: ../rza/microsoft/azure-rtos/usbx/common/core/src/ux_device_stack_uninitialize.c
Building file: ../rza/microsoft/azure-rtos/usbx/common/core/src/ux_device_stack_transfer_run.c
Building file: ../rza/microsoft/azure-rtos/usbx/common/core/src/ux_hcd_sim_host_asynch_queue_process.c
Building file: ../rza/microsoft/azure-rtos/usbx/common/core/src/ux_hcd_sim_host_asynch_schedule.c
Building file: ../rza/microsoft/azure-rtos/usbx/common/core/src/ux_hcd_sim_host_asynchronous_endpoint_create.c
Building file: ../rza/microsoft/azure-rtos/usbx/common/core/src/ux_hcd_sim_host_controller_disable.c
Building file: ../rza/microsoft/azure-rtos/usbx/common/core/src/ux_hcd_sim_host_asynchronous_endpoint_destroy.c
Building file: ../rza/microsoft/azure-rtos/usbx/common/core/src/ux_hcd_sim_host_entry.c
Building file: ../rza/microsoft/azure-rtos/usbx/common/core/src/ux_hcd_sim_host_endpoint_reset.c
Building file: ../rza/microsoft/azure-rtos/usbx/common/core/src/ux_hcd_sim_host_ed_td_clean.c
Building file: ../rza/microsoft/azure-rtos/usbx/common/core/src/ux_hcd_sim_host_ed_obtain.c
Building file: ../rza/microsoft/azure-rtos/usbx/common/core/src/ux_hcd_sim_host_frame_number_get.c
Building file: ../rza/microsoft/azure-rtos/usbx/common/core/src/ux_hcd_sim_host_initialize.c
Building file: ../rza/microsoft/azure-rtos/usbx/common/core/src/ux_hcd_sim_host_interrupt_endpoint_create.c
Building file: ../rza/microsoft/azure-rtos/usbx/common/core/src/ux_hcd_sim_host_frame_number_set.c
Building file: ../rza/microsoft/azure-rtos/usbx/common/core/src/ux_hcd_sim_host_iso_schedule.c
Building file: ../rza/microsoft/azure-rtos/usbx/common/core/src/ux_hcd_sim_host_iso_queue_process.c
Building file: ../rza/microsoft/azure-rtos/usbx/common/core/src/ux_hcd_sim_host_isochronous_endpoint_create.c
Building file: ../rza/microsoft/azure-rtos/usbx/common/core/src/ux_hcd_sim_host_isochronous_td_obtain.c
Building file: ../rza/microsoft/azure-rtos/usbx/common/core/src/ux_hcd_sim_host_least_traffic_list_get.c
Building file: ../rza/microsoft/azure-rtos/usbx/common/core/src/ux_hcd_sim_host_periodic_endpoint_destroy.c
Building file: ../rza/microsoft/azure-rtos/usbx/common/core/src/ux_hcd_sim_host_periodic_tree_create.c
Building file: ../rza/microsoft/azure-rtos/usbx/common/core/src/ux_hcd_sim_host_periodic_schedule.c
Building file: ../rza/microsoft/azure-rtos/usbx/common/core/src/ux_hcd_sim_host_port_reset.c
Building file: ../rza/microsoft/azure-rtos/usbx/common/core/src/ux_hcd_sim_host_port_status_get.c
Building file: ../rza/microsoft/azure-rtos/usbx/common/core/src/ux_hcd_sim_host_regular_td_obtain.c
Building file: ../rza/microsoft/azure-rtos/usbx/common/core/src/ux_hcd_sim_host_request_bulk_transfer.c
Building file: ../rza/microsoft/azure-rtos/usbx/common/core/src/ux_hcd_sim_host_request_control_transfer.c
Building file: ../rza/microsoft/azure-rtos/usbx/common/core/src/ux_hcd_sim_host_request_transfer.c
Building file: ../rza/microsoft/azure-rtos/usbx/common/core/src/ux_hcd_sim_host_request_isochronous_transfer.c
Building file: ../rza/microsoft/azure-rtos/usbx/common/core/src/ux_hcd_sim_host_request_interupt_transfer.c
Building file: ../rza/microsoft/azure-rtos/usbx/common/core/src/ux_hcd_sim_host_transfer_abort.c
Building file: ../rza/microsoft/azure-rtos/usbx/common/core/src/ux_hcd_sim_host_transaction_schedule.c
Building file: ../rza/microsoft/azure-rtos/usbx/common/core/src/ux_hcd_sim_host_transfer_run.c
Building file: ../rza/microsoft/azure-rtos/usbx/common/core/src/ux_hcd_sim_host_timer_function.c
Building file: ../rza/microsoft/azure-rtos/usbx/common/core/src/ux_hcd_sim_host_uninitialize.c
Building file: ../rza/microsoft/azure-rtos/usbx/common/core/src/ux_host_class_dpump_activate.c
Building file: ../rza/microsoft/azure-rtos/usbx/common/core/src/ux_host_class_dpump_configure.c
Building file: ../rza/microsoft/azure-rtos/usbx/common/core/src/ux_host_class_dpump_deactivate.c
Building file: ../rza/microsoft/azure-rtos/usbx/common/core/src/ux_host_class_dpump_endpoints_get.c
Building file: ../rza/microsoft/azure-rtos/usbx/common/core/src/ux_host_class_dpump_entry.c
Building file: ../rza/microsoft/azure-rtos/usbx/common/core/src/ux_host_class_dpump_ioctl.c
Building file: ../rza/microsoft/azure-rtos/usbx/common/core/src/ux_host_class_dpump_read.c
Building file: ../rza/microsoft/azure-rtos/usbx/common/core/src/ux_host_class_dpump_write.c
Building file: ../rza/microsoft/azure-rtos/usbx/common/core/src/ux_host_stack_bandwidth_check.c
Building file: ../rza/microsoft/azure-rtos/usbx/common/core/src/ux_host_stack_bandwidth_release.c
Building file: ../rza/microsoft/azure-rtos/usbx/common/core/src/ux_host_stack_bandwidth_claim.c
Building file: ../rza/microsoft/azure-rtos/usbx/common/core/src/ux_host_stack_class_device_scan.c
Building file: ../rza/microsoft/azure-rtos/usbx/common/core/src/ux_host_stack_class_call.c
Building file: ../rza/microsoft/azure-rtos/usbx/common/core/src/ux_host_stack_class_get.c
Building file: ../rza/microsoft/azure-rtos/usbx/common/core/src/ux_host_stack_class_instance_create.c
Building file: ../rza/microsoft/azure-rtos/usbx/common/core/src/ux_host_stack_class_instance_destroy.c
Building file: ../rza/microsoft/azure-rtos/usbx/common/core/src/ux_host_stack_class_instance_get.c
Building file: ../rza/microsoft/azure-rtos/usbx/common/core/src/ux_host_stack_class_interface_scan.c
Building file: ../rza/microsoft/azure-rtos/usbx/common/core/src/ux_host_stack_class_instance_verify.c
Building file: ../rza/microsoft/azure-rtos/usbx/common/core/src/ux_host_stack_class_register.c
Building file: ../rza/microsoft/azure-rtos/usbx/common/core/src/ux_host_stack_class_unregister.c
Building file: ../rza/microsoft/azure-rtos/usbx/common/core/src/ux_host_stack_configuration_descriptor_parse.c
Building file: ../rza/microsoft/azure-rtos/usbx/common/core/src/ux_host_stack_configuration_enumerate.c
Building file: ../rza/microsoft/azure-rtos/usbx/common/core/src/ux_host_stack_configuration_instance_create.c
Building file: ../rza/microsoft/azure-rtos/usbx/common/core/src/ux_host_stack_configuration_instance_delete.c
Building file: ../rza/microsoft/azure-rtos/usbx/common/core/src/ux_host_stack_configuration_interface_get.c
Building file: ../rza/microsoft/azure-rtos/usbx/common/core/src/ux_host_stack_configuration_interface_scan.c
Building file: ../rza/microsoft/azure-rtos/usbx/common/core/src/ux_host_stack_configuration_set.c
Building file: ../rza/microsoft/azure-rtos/usbx/common/core/src/ux_host_stack_delay_ms.c
Building file: ../rza/microsoft/azure-rtos/usbx/common/core/src/ux_host_stack_device_address_set.c
Building file: ../rza/microsoft/azure-rtos/usbx/common/core/src/ux_host_stack_device_configuration_deactivate.c
Building file: ../rza/microsoft/azure-rtos/usbx/common/core/src/ux_host_stack_device_configuration_activate.c
Building file: ../rza/microsoft/azure-rtos/usbx/common/core/src/ux_host_stack_device_configuration_get.c
Building file: ../rza/microsoft/azure-rtos/usbx/common/core/src/ux_host_stack_device_configuration_select.c
Building file: ../rza/microsoft/azure-rtos/usbx/common/core/src/ux_host_stack_device_configuration_reset.c
Building file: ../rza/microsoft/azure-rtos/usbx/common/core/src/ux_host_stack_device_descriptor_read.c
Building file: ../rza/microsoft/azure-rtos/usbx/common/core/src/ux_host_stack_device_get.c
Building file: ../rza/microsoft/azure-rtos/usbx/common/core/src/ux_host_stack_device_remove.c
Building file: ../rza/microsoft/azure-rtos/usbx/common/core/src/ux_host_stack_device_resources_free.c
Building file: ../rza/microsoft/azure-rtos/usbx/common/core/src/ux_host_stack_device_string_get.c
Building file: ../rza/microsoft/azure-rtos/usbx/common/core/src/ux_host_stack_endpoint_instance_create.c
Building file: ../rza/microsoft/azure-rtos/usbx/common/core/src/ux_host_stack_endpoint_instance_delete.c
Building file: ../rza/microsoft/azure-rtos/usbx/common/core/src/ux_host_stack_endpoint_reset.c
Building file: ../rza/microsoft/azure-rtos/usbx/common/core/src/ux_host_stack_endpoint_transfer_abort.c
Building file: ../rza/microsoft/azure-rtos/usbx/common/core/src/ux_host_stack_enum_thread_entry.c
Building file: ../rza/microsoft/azure-rtos/usbx/common/core/src/ux_host_stack_hcd_register.c
Building file: ../rza/microsoft/azure-rtos/usbx/common/core/src/ux_host_stack_hcd_transfer_request.c
Building file: ../rza/microsoft/azure-rtos/usbx/common/core/src/ux_host_stack_hcd_thread_entry.c
Building file: ../rza/microsoft/azure-rtos/usbx/common/core/src/ux_host_stack_hcd_unregister.c
Building file: ../rza/microsoft/azure-rtos/usbx/common/core/src/ux_host_stack_hnp_polling_thread_entry.c
Building file: ../rza/microsoft/azure-rtos/usbx/common/core/src/ux_host_stack_initialize.c
Building file: ../rza/microsoft/azure-rtos/usbx/common/core/src/ux_host_stack_interface_endpoint_get.c
Building file: ../rza/microsoft/azure-rtos/usbx/common/core/src/ux_host_stack_interface_instance_create.c
Building file: ../rza/microsoft/azure-rtos/usbx/common/core/src/ux_host_stack_interface_instance_delete.c
Building file: ../rza/microsoft/azure-rtos/usbx/common/core/src/ux_host_stack_interface_setting_select.c
Building file: ../rza/microsoft/azure-rtos/usbx/common/core/src/ux_host_stack_interface_set.c
Building file: ../rza/microsoft/azure-rtos/usbx/common/core/src/ux_host_stack_new_configuration_create.c
Building file: ../rza/microsoft/azure-rtos/usbx/common/core/src/ux_host_stack_interfaces_scan.c
Building file: ../rza/microsoft/azure-rtos/usbx/common/core/src/ux_host_stack_new_device_create.c
Building file: ../rza/microsoft/azure-rtos/usbx/common/core/src/ux_host_stack_new_endpoint_create.c
Building file: ../rza/microsoft/azure-rtos/usbx/common/core/src/ux_host_stack_new_device_get.c
Building file: ../rza/microsoft/azure-rtos/usbx/common/core/src/ux_host_stack_new_interface_create.c
Building file: ../rza/microsoft/azure-rtos/usbx/common/core/src/ux_host_stack_rh_change_process.c
Building file: ../rza/microsoft/azure-rtos/usbx/common/core/src/ux_host_stack_rh_device_extraction.c
Building file: ../rza/microsoft/azure-rtos/usbx/common/core/src/ux_host_stack_rh_device_insertion.c
Building file: ../rza/microsoft/azure-rtos/usbx/common/core/src/ux_host_stack_role_swap.c
Building file: ../rza/microsoft/azure-rtos/usbx/common/core/src/ux_host_stack_transfer_request.c
Building file: ../rza/microsoft/azure-rtos/usbx/common/core/src/ux_host_stack_tasks_run.c
Building file: ../rza/microsoft/azure-rtos/usbx/common/core/src/ux_host_stack_transfer_request_abort.c
Building file: ../rza/microsoft/azure-rtos/usbx/common/core/src/ux_host_stack_transfer_run.c
Building file: ../rza/microsoft/azure-rtos/usbx/common/core/src/ux_host_stack_uninitialize.c
Building file: ../rza/microsoft/azure-rtos/usbx/common/core/src/ux_system_error_handler.c
Building file: ../rza/microsoft/azure-rtos/usbx/common/core/src/ux_system_tasks_run.c
Building file: ../rza/microsoft/azure-rtos/usbx/common/core/src/ux_system_initialize.c
Building file: ../rza/microsoft/azure-rtos/usbx/common/core/src/ux_system_uninitialize.c
Building file: ../rza/microsoft/azure-rtos/usbx/common/core/src/ux_trace_event_update.c
Building file: ../rza/microsoft/azure-rtos/usbx/common/core/src/ux_trace_object_register.c
Building file: ../rza/microsoft/azure-rtos/usbx/common/core/src/ux_trace_event_insert.c
Building file: ../rza/microsoft/azure-rtos/usbx/common/core/src/ux_trace_object_unregister.c
Building file: ../rza/microsoft/azure-rtos/usbx/common/core/src/ux_utility_debug_callback_register.c
Building file: ../rza/microsoft/azure-rtos/usbx/common/core/src/ux_utility_debug_log.c
Building file: ../rza/microsoft/azure-rtos/usbx/common/core/src/ux_utility_delay_ms.c
Building file: ../rza/microsoft/azure-rtos/usbx/common/core/src/ux_utility_descriptor_pack.c
Building file: ../rza/microsoft/azure-rtos/usbx/common/core/src/ux_utility_event_flags_create.c
Building file: ../rza/microsoft/azure-rtos/usbx/common/core/src/ux_utility_event_flags_delete.c
Building file: ../rza/microsoft/azure-rtos/usbx/common/core/src/ux_utility_descriptor_parse.c
Building file: ../rza/microsoft/azure-rtos/usbx/common/core/src/ux_utility_error_callback_register.c
Building file: ../rza/microsoft/azure-rtos/usbx/common/core/src/ux_utility_event_flags_get.c
Building file: ../rza/microsoft/azure-rtos/usbx/common/core/src/ux_utility_long_get.c
Building file: ../rza/microsoft/azure-rtos/usbx/common/core/src/ux_utility_long_get_big_endian.c
Building file: ../rza/microsoft/azure-rtos/usbx/common/core/src/ux_utility_event_flags_set.c
Building file: ../rza/microsoft/azure-rtos/usbx/common/core/src/ux_utility_long_put.c
Building file: ../rza/microsoft/azure-rtos/usbx/common/core/src/ux_utility_long_put_big_endian.c
Building file: ../rza/microsoft/azure-rtos/usbx/common/core/src/ux_utility_memory_allocate.c
Building file: ../rza/microsoft/azure-rtos/usbx/common/core/src/ux_utility_memory_allocate_add_safe.c
Building file: ../rza/microsoft/azure-rtos/usbx/common/core/src/ux_utility_memory_allocate_mulc_safe.c
Building file: ../rza/microsoft/azure-rtos/usbx/common/core/src/ux_utility_memory_compare.c
Building file: ../rza/microsoft/azure-rtos/usbx/common/core/src/ux_utility_memory_copy.c
Building file: ../rza/microsoft/azure-rtos/usbx/common/core/src/ux_utility_memory_free_block_best_get.c
Building file: ../rza/microsoft/azure-rtos/usbx/common/core/src/ux_utility_memory_allocate_mulv_safe.c
Building file: ../rza/microsoft/azure-rtos/usbx/common/core/src/ux_utility_memory_free.c
Building file: ../rza/microsoft/azure-rtos/usbx/common/core/src/ux_utility_memory_set.c
Building file: ../rza/microsoft/azure-rtos/usbx/common/core/src/ux_utility_mutex_create.c
Building file: ../rza/microsoft/azure-rtos/usbx/common/core/src/ux_utility_mutex_delete.c
Building file: ../rza/microsoft/azure-rtos/usbx/common/core/src/ux_utility_mutex_off.c
Building file: ../rza/microsoft/azure-rtos/usbx/common/core/src/ux_utility_mutex_on.c
Building file: ../rza/microsoft/azure-rtos/usbx/common/core/src/ux_utility_pci_class_scan.c
Building file: ../rza/microsoft/azure-rtos/usbx/common/core/src/ux_utility_pci_read.c
Building file: ../rza/microsoft/azure-rtos/usbx/common/core/src/ux_utility_pci_write.c
Building file: ../rza/microsoft/azure-rtos/usbx/common/core/src/ux_utility_semaphore_create.c
Building file: ../rza/microsoft/azure-rtos/usbx/common/core/src/ux_utility_semaphore_delete.c
Building file: ../rza/microsoft/azure-rtos/usbx/common/core/src/ux_utility_semaphore_get.c
Building file: ../rza/microsoft/azure-rtos/usbx/common/core/src/ux_utility_set_interrupt_handler.c
Building file: ../rza/microsoft/azure-rtos/usbx/common/core/src/ux_utility_semaphore_put.c
Building file: ../rza/microsoft/azure-rtos/usbx/common/core/src/ux_utility_short_get.c
Building file: ../rza/microsoft/azure-rtos/usbx/common/core/src/ux_utility_short_get_big_endian.c
Building file: ../rza/microsoft/azure-rtos/usbx/common/core/src/ux_utility_short_put.c
Building file: ../rza/microsoft/azure-rtos/usbx/common/core/src/ux_utility_short_put_big_endian.c
Building file: ../rza/microsoft/azure-rtos/usbx/common/core/src/ux_utility_string_length_check.c
Building file: ../rza/microsoft/azure-rtos/usbx/common/core/src/ux_utility_string_length_get.c
Building file: ../rza/microsoft/azure-rtos/usbx/common/core/src/ux_utility_string_to_unicode.c
Building file: ../rza/microsoft/azure-rtos/usbx/common/core/src/ux_utility_thread_identify.c
Building file: ../rza/microsoft/azure-rtos/usbx/common/core/src/ux_utility_thread_create.c
Building file: ../rza/microsoft/azure-rtos/usbx/common/core/src/ux_utility_thread_delete.c
Building file: ../rza/microsoft/azure-rtos/usbx/common/core/src/ux_utility_thread_relinquish.c
Building file: ../rza/microsoft/azure-rtos/usbx/common/core/src/ux_utility_thread_resume.c
Building file: ../rza/microsoft/azure-rtos/usbx/common/core/src/ux_utility_thread_schedule_other.c
Building file: ../rza/microsoft/azure-rtos/usbx/common/core/src/ux_utility_thread_sleep.c
Building file: ../rza/microsoft/azure-rtos/usbx/common/core/src/ux_utility_timer_delete.c
Building file: ../rza/microsoft/azure-rtos/usbx/common/core/src/ux_utility_unicode_to_string.c
Building file: ../rza/microsoft/azure-rtos/usbx/common/core/src/ux_utility_thread_suspend.c
Building file: ../rza/microsoft/azure-rtos/usbx/common/core/src/ux_utility_timer_create.c
Building file: ../rza/microsoft/azure-rtos/threadx/common/src/tx_block_allocate.c
Building file: ../rza/microsoft/azure-rtos/threadx/common/src/tx_block_pool_cleanup.c
Building file: ../rza/microsoft/azure-rtos/threadx/common/src/tx_block_pool_create.c
Building file: ../rza/microsoft/azure-rtos/threadx/common/src/tx_block_pool_info_get.c
Building file: ../rza/microsoft/azure-rtos/threadx/common/src/tx_block_pool_delete.c
Building file: ../rza/microsoft/azure-rtos/threadx/common/src/tx_block_pool_initialize.c
Building file: ../rza/microsoft/azure-rtos/threadx/common/src/tx_block_pool_performance_info_get.c
Building file: ../rza/microsoft/azure-rtos/threadx/common/src/tx_block_pool_performance_system_info_get.c
Building file: ../rza/microsoft/azure-rtos/threadx/common/src/tx_block_pool_prioritize.c
Building file: ../rza/microsoft/azure-rtos/threadx/common/src/tx_block_release.c
Building file: ../rza/microsoft/azure-rtos/threadx/common/src/tx_byte_allocate.c
Building file: ../rza/microsoft/azure-rtos/threadx/common/src/tx_byte_pool_cleanup.c
Building file: ../rza/microsoft/azure-rtos/threadx/common/src/tx_byte_pool_create.c
Building file: ../rza/microsoft/azure-rtos/threadx/common/src/tx_byte_pool_initialize.c
Building file: ../rza/microsoft/azure-rtos/threadx/common/src/tx_byte_pool_delete.c
Building file: ../rza/microsoft/azure-rtos/threadx/common/src/tx_byte_pool_info_get.c
Building file: ../rza/microsoft/azure-rtos/threadx/common/src/tx_byte_pool_performance_info_get.c
Building file: ../rza/microsoft/azure-rtos/threadx/common/src/tx_byte_pool_prioritize.c
Building file: ../rza/microsoft/azure-rtos/threadx/common/src/tx_byte_pool_performance_system_info_get.c
Building file: ../rza/microsoft/azure-rtos/threadx/common/src/tx_byte_pool_search.c
Building file: ../rza/microsoft/azure-rtos/threadx/common/src/tx_event_flags_create.c
Building file: ../rza/microsoft/azure-rtos/threadx/common/src/tx_byte_release.c
Building file: ../rza/microsoft/azure-rtos/threadx/common/src/tx_event_flags_cleanup.c
Building file: ../rza/microsoft/azure-rtos/threadx/common/src/tx_event_flags_delete.c
Building file: ../rza/microsoft/azure-rtos/threadx/common/src/tx_event_flags_get.c
Building file: ../rza/microsoft/azure-rtos/threadx/common/src/tx_event_flags_info_get.c
Building file: ../rza/microsoft/azure-rtos/threadx/common/src/tx_event_flags_initialize.c
Building file: ../rza/microsoft/azure-rtos/threadx/common/src/tx_event_flags_performance_info_get.c
Building file: ../rza/microsoft/azure-rtos/threadx/common/src/tx_event_flags_performance_system_info_get.c
Building file: ../rza/microsoft/azure-rtos/threadx/common/src/tx_event_flags_set_notify.c
Building file: ../rza/microsoft/azure-rtos/threadx/common/src/tx_initialize_high_level.c
Building file: ../rza/microsoft/azure-rtos/threadx/common/src/tx_event_flags_set.c
Building file: ../rza/microsoft/azure-rtos/threadx/common/src/tx_initialize_kernel_enter.c
Building file: ../rza/microsoft/azure-rtos/threadx/common/src/tx_mutex_cleanup.c
Building file: ../rza/microsoft/azure-rtos/threadx/common/src/tx_initialize_kernel_setup.c
Building file: ../rza/microsoft/azure-rtos/threadx/common/src/tx_mutex_create.c
Building file: ../rza/microsoft/azure-rtos/threadx/common/src/tx_mutex_delete.c
Building file: ../rza/microsoft/azure-rtos/threadx/common/src/tx_mutex_get.c
Building file: ../rza/microsoft/azure-rtos/threadx/common/src/tx_mutex_info_get.c
Building file: ../rza/microsoft/azure-rtos/threadx/common/src/tx_mutex_initialize.c
Building file: ../rza/microsoft/azure-rtos/threadx/common/src/tx_mutex_performance_info_get.c
Building file: ../rza/microsoft/azure-rtos/threadx/common/src/tx_mutex_performance_system_info_get.c
Building file: ../rza/microsoft/azure-rtos/threadx/common/src/tx_mutex_put.c
Building file: ../rza/microsoft/azure-rtos/threadx/common/src/tx_mutex_prioritize.c
Building file: ../rza/microsoft/azure-rtos/threadx/common/src/tx_mutex_priority_change.c
Building file: ../rza/microsoft/azure-rtos/threadx/common/src/tx_queue_cleanup.c
Building file: ../rza/microsoft/azure-rtos/threadx/common/src/tx_queue_create.c
Building file: ../rza/microsoft/azure-rtos/threadx/common/src/tx_queue_delete.c
Building file: ../rza/microsoft/azure-rtos/threadx/common/src/tx_queue_flush.c
Building file: ../rza/microsoft/azure-rtos/threadx/common/src/tx_queue_info_get.c
Building file: ../rza/microsoft/azure-rtos/threadx/common/src/tx_queue_initialize.c
Building file: ../rza/microsoft/azure-rtos/threadx/common/src/tx_queue_performance_info_get.c
Building file: ../rza/microsoft/azure-rtos/threadx/common/src/tx_queue_front_send.c
Building file: ../rza/microsoft/azure-rtos/threadx/common/src/tx_queue_prioritize.c
Building file: ../rza/microsoft/azure-rtos/threadx/common/src/tx_queue_performance_system_info_get.c
Building file: ../rza/microsoft/azure-rtos/threadx/common/src/tx_queue_receive.c
Building file: ../rza/microsoft/azure-rtos/threadx/common/src/tx_queue_send_notify.c
Building file: ../rza/microsoft/azure-rtos/threadx/common/src/tx_queue_send.c
Building file: ../rza/microsoft/azure-rtos/threadx/common/src/tx_semaphore_cleanup.c
Building file: ../rza/microsoft/azure-rtos/threadx/common/src/tx_semaphore_ceiling_put.c
Building file: ../rza/microsoft/azure-rtos/threadx/common/src/tx_semaphore_create.c
Building file: ../rza/microsoft/azure-rtos/threadx/common/src/tx_semaphore_get.c
Building file: ../rza/microsoft/azure-rtos/threadx/common/src/tx_semaphore_delete.c
Building file: ../rza/microsoft/azure-rtos/threadx/common/src/tx_semaphore_initialize.c
Building file: ../rza/microsoft/azure-rtos/threadx/common/src/tx_semaphore_info_get.c
Building file: ../rza/microsoft/azure-rtos/threadx/common/src/tx_semaphore_performance_info_get.c
Building file: ../rza/microsoft/azure-rtos/threadx/common/src/tx_semaphore_put_notify.c
Building file: ../rza/microsoft/azure-rtos/threadx/common/src/tx_semaphore_performance_system_info_get.c
Building file: ../rza/microsoft/azure-rtos/threadx/common/src/tx_semaphore_put.c
Building file: ../rza/microsoft/azure-rtos/threadx/common/src/tx_semaphore_prioritize.c
Building file: ../rza/microsoft/azure-rtos/threadx/common/src/tx_thread_create.c
Building file: ../rza/microsoft/azure-rtos/threadx/common/src/tx_thread_delete.c
Building file: ../rza/microsoft/azure-rtos/threadx/common/src/tx_thread_entry_exit_notify.c
Building file: ../rza/microsoft/azure-rtos/threadx/common/src/tx_thread_info_get.c
Building file: ../rza/microsoft/azure-rtos/threadx/common/src/tx_thread_identify.c
Building file: ../rza/microsoft/azure-rtos/threadx/common/src/tx_thread_performance_info_get.c
Building file: ../rza/microsoft/azure-rtos/threadx/common/src/tx_thread_initialize.c
Building file: ../rza/microsoft/azure-rtos/threadx/common/src/tx_thread_performance_system_info_get.c
Building file: ../rza/microsoft/azure-rtos/threadx/common/src/tx_thread_priority_change.c
Building file: ../rza/microsoft/azure-rtos/threadx/common/src/tx_thread_preemption_change.c
Building file: ../rza/microsoft/azure-rtos/threadx/common/src/tx_thread_relinquish.c
Building file: ../rza/microsoft/azure-rtos/threadx/common/src/tx_thread_resume.c
Building file: ../rza/microsoft/azure-rtos/threadx/common/src/tx_thread_shell_entry.c
Building file: ../rza/microsoft/azure-rtos/threadx/common/src/tx_thread_reset.c
Building file: ../rza/microsoft/azure-rtos/threadx/common/src/tx_thread_sleep.c
Building file: ../rza/microsoft/azure-rtos/threadx/common/src/tx_thread_stack_analyze.c
Building file: ../rza/microsoft/azure-rtos/threadx/common/src/tx_thread_stack_error_handler.c
Building file: ../rza/microsoft/azure-rtos/threadx/common/src/tx_thread_stack_error_notify.c
Building file: ../rza/microsoft/azure-rtos/threadx/common/src/tx_thread_system_preempt_check.c
Building file: ../rza/microsoft/azure-rtos/threadx/common/src/tx_thread_suspend.c
Building file: ../rza/microsoft/azure-rtos/threadx/common/src/tx_thread_system_suspend.c
Building file: ../rza/microsoft/azure-rtos/threadx/common/src/tx_thread_system_resume.c
Building file: ../rza/microsoft/azure-rtos/threadx/common/src/tx_thread_terminate.c
Building file: ../rza/microsoft/azure-rtos/threadx/common/src/tx_thread_time_slice_change.c
Building file: ../rza/microsoft/azure-rtos/threadx/common/src/tx_thread_timeout.c
Building file: ../rza/microsoft/azure-rtos/threadx/common/src/tx_thread_time_slice.c
Building file: ../rza/microsoft/azure-rtos/threadx/common/src/tx_thread_wait_abort.c
Building file: ../rza/microsoft/azure-rtos/threadx/common/src/tx_time_set.c
Building file: ../rza/microsoft/azure-rtos/threadx/common/src/tx_time_get.c
Building file: ../rza/microsoft/azure-rtos/threadx/common/src/tx_timer_activate.c
Building file: ../rza/microsoft/azure-rtos/threadx/common/src/tx_timer_change.c
Building file: ../rza/microsoft/azure-rtos/threadx/common/src/tx_timer_create.c
Building file: ../rza/microsoft/azure-rtos/threadx/common/src/tx_timer_deactivate.c
Building file: ../rza/microsoft/azure-rtos/threadx/common/src/tx_timer_delete.c
Building file: ../rza/microsoft/azure-rtos/threadx/common/src/tx_timer_expiration_process.c
Building file: ../rza/microsoft/azure-rtos/threadx/common/src/tx_timer_info_get.c
Building file: ../rza/microsoft/azure-rtos/threadx/common/src/tx_timer_initialize.c
Building file: ../rza/microsoft/azure-rtos/threadx/common/src/tx_timer_performance_info_get.c
Building file: ../rza/microsoft/azure-rtos/threadx/common/src/tx_timer_system_activate.c
Building file: ../rza/microsoft/azure-rtos/threadx/common/src/tx_timer_performance_system_info_get.c
Building file: ../rza/microsoft/azure-rtos/threadx/common/src/tx_timer_thread_entry.c
Building file: ../rza/microsoft/azure-rtos/threadx/common/src/tx_timer_system_deactivate.c
Building file: ../rza/microsoft/azure-rtos/threadx/common/src/tx_trace_buffer_full_notify.c
Building file: ../rza/microsoft/azure-rtos/threadx/common/src/tx_trace_enable.c
Building file: ../rza/microsoft/azure-rtos/threadx/common/src/tx_trace_disable.c
Building file: ../rza/microsoft/azure-rtos/threadx/common/src/tx_trace_event_unfilter.c
Building file: ../rza/microsoft/azure-rtos/threadx/common/src/tx_trace_event_filter.c
Building file: ../rza/microsoft/azure-rtos/threadx/common/src/tx_trace_interrupt_control.c
Building file: ../rza/microsoft/azure-rtos/threadx/common/src/tx_trace_isr_enter_insert.c
Building file: ../rza/microsoft/azure-rtos/threadx/common/src/tx_trace_initialize.c
Building file: ../rza/microsoft/azure-rtos/threadx/common/src/tx_trace_isr_exit_insert.c
Building file: ../rza/microsoft/azure-rtos/threadx/common/src/tx_trace_object_register.c
Building file: ../rza/microsoft/azure-rtos/threadx/common/src/txe_block_allocate.c
Building file: ../rza/microsoft/azure-rtos/threadx/common/src/tx_trace_object_unregister.c
Building file: ../rza/microsoft/azure-rtos/threadx/common/src/txe_block_pool_create.c
Building file: ../rza/microsoft/azure-rtos/threadx/common/src/tx_trace_user_event_insert.c
Building file: ../rza/microsoft/azure-rtos/threadx/common/src/txe_block_release.c
Building file: ../rza/microsoft/azure-rtos/threadx/common/src/txe_block_pool_info_get.c
Building file: ../rza/microsoft/azure-rtos/threadx/common/src/txe_block_pool_delete.c
Building file: ../rza/microsoft/azure-rtos/threadx/common/src/txe_block_pool_prioritize.c
Building file: ../rza/microsoft/azure-rtos/threadx/common/src/txe_byte_pool_create.c
Building file: ../rza/microsoft/azure-rtos/threadx/common/src/txe_byte_pool_info_get.c
Building file: ../rza/microsoft/azure-rtos/threadx/common/src/txe_byte_allocate.c
Building file: ../rza/microsoft/azure-rtos/threadx/common/src/txe_byte_pool_delete.c
Building file: ../rza/microsoft/azure-rtos/threadx/common/src/txe_byte_release.c
Building file: ../rza/microsoft/azure-rtos/threadx/common/src/txe_byte_pool_prioritize.c
Building file: ../rza/microsoft/azure-rtos/threadx/common/src/txe_event_flags_create.c
Building file: ../rza/microsoft/azure-rtos/threadx/common/src/txe_event_flags_delete.c
Building file: ../rza/microsoft/azure-rtos/threadx/common/src/txe_event_flags_get.c
Building file: ../rza/microsoft/azure-rtos/threadx/common/src/txe_event_flags_info_get.c
Building file: ../rza/microsoft/azure-rtos/threadx/common/src/txe_event_flags_set.c
Building file: ../rza/microsoft/azure-rtos/threadx/common/src/txe_event_flags_set_notify.c
Building file: ../rza/microsoft/azure-rtos/threadx/common/src/txe_mutex_create.c
Building file: ../rza/microsoft/azure-rtos/threadx/common/src/txe_mutex_delete.c
Building file: ../rza/microsoft/azure-rtos/threadx/common/src/txe_mutex_get.c
Building file: ../rza/microsoft/azure-rtos/threadx/common/src/txe_mutex_info_get.c
Building file: ../rza/microsoft/azure-rtos/threadx/common/src/txe_mutex_put.c
Building file: ../rza/microsoft/azure-rtos/threadx/common/src/txe_mutex_prioritize.c
Building file: ../rza/microsoft/azure-rtos/threadx/common/src/txe_queue_delete.c
Building file: ../rza/microsoft/azure-rtos/threadx/common/src/txe_queue_create.c
Building file: ../rza/microsoft/azure-rtos/threadx/common/src/txe_queue_flush.c
Building file: ../rza/microsoft/azure-rtos/threadx/common/src/txe_queue_front_send.c
Building file: ../rza/microsoft/azure-rtos/threadx/common/src/txe_queue_info_get.c
Building file: ../rza/microsoft/azure-rtos/threadx/common/src/txe_queue_prioritize.c
Building file: ../rza/microsoft/azure-rtos/threadx/common/src/txe_queue_receive.c
Building file: ../rza/microsoft/azure-rtos/threadx/common/src/txe_queue_send_notify.c
Building file: ../rza/microsoft/azure-rtos/threadx/common/src/txe_semaphore_create.c
Building file: ../rza/microsoft/azure-rtos/threadx/common/src/txe_semaphore_ceiling_put.c
Building file: ../rza/microsoft/azure-rtos/threadx/common/src/txe_semaphore_delete.c
Building file: ../rza/microsoft/azure-rtos/threadx/common/src/txe_semaphore_get.c
Building file: ../rza/microsoft/azure-rtos/threadx/common/src/txe_semaphore_info_get.c
Building file: ../rza/microsoft/azure-rtos/threadx/common/src/txe_semaphore_prioritize.c
Building file: ../rza/microsoft/azure-rtos/threadx/common/src/txe_semaphore_put.c
Building file: ../rza/microsoft/azure-rtos/threadx/common/src/txe_semaphore_put_notify.c
Building file: ../rza/microsoft/azure-rtos/threadx/common/src/txe_thread_create.c
Building file: ../rza/microsoft/azure-rtos/threadx/common/src/txe_thread_delete.c
Building file: ../rza/microsoft/azure-rtos/threadx/common/src/txe_thread_entry_exit_notify.c
Building file: ../rza/microsoft/azure-rtos/threadx/common/src/txe_thread_info_get.c
Building file: ../rza/microsoft/azure-rtos/threadx/common/src/txe_thread_priority_change.c
Building file: ../rza/microsoft/azure-rtos/threadx/common/src/txe_thread_preemption_change.c
Building file: ../rza/microsoft/azure-rtos/threadx/common/src/txe_thread_relinquish.c
Building file: ../rza/microsoft/azure-rtos/threadx/common/src/txe_thread_resume.c
Building file: ../rza/microsoft/azure-rtos/threadx/common/src/txe_thread_reset.c
Building file: ../rza/microsoft/azure-rtos/threadx/common/src/txe_thread_suspend.c
Building file: ../rza/microsoft/azure-rtos/threadx/common/src/txe_thread_terminate.c
Building file: ../rza/microsoft/azure-rtos/threadx/common/src/txe_thread_wait_abort.c
Building file: ../rza/microsoft/azure-rtos/threadx/common/src/txe_thread_time_slice_change.c
Building file: ../rza/microsoft/azure-rtos/threadx/common/src/txe_timer_activate.c
Building file: ../rza/microsoft/azure-rtos/threadx/common/src/txe_timer_change.c
Building file: ../rza/microsoft/azure-rtos/threadx/common/src/txe_timer_deactivate.c
Building file: ../rza/microsoft/azure-rtos/threadx/common/src/txe_timer_create.c
Building file: ../rza/microsoft/azure-rtos/threadx/common/src/txe_timer_delete.c
Building file: ../rza/microsoft/azure-rtos/threadx/common/src/txe_timer_info_get.c
Building file: ../rza/fsp/src/rm_threadx_port/tx_initialize_low_level.asm
Building file: ../rza/fsp/src/rm_threadx_port/tx_isr_end.c
Building file: ../rza/fsp/src/rm_threadx_port/tx_isr_start.c
Building file: ../rza/fsp/src/rm_threadx_port/tx_thread_context_restore.asm
Building file: ../rza/fsp/src/rm_usbx_port/rm_usbx_port.c
Building file: ../rza/fsp/src/rm_usbx_port/ux_utility_physical_address.c
Building file: ../rza/fsp/src/rm_threadx_port/tx_thread_fp_disable.c
Building file: ../rza/fsp/src/rm_threadx_port/tx_thread_context_save.asm
Building file: ../rza/fsp/src/rm_usbx_port/ux_utility_virtual_address.c
Building file: ../rza/fsp/src/rm_threadx_port/tx_thread_fp_enable.c
Building file: ../rza/fsp/src/rm_threadx_port/tx_thread_interrupt_control.asm
Building file: ../rza/fsp/src/rm_threadx_port/tx_thread_interrupt_disable.asm
Building file: ../rza/fsp/src/rm_threadx_port/tx_thread_schedule.asm
Building file: ../rza/fsp/src/rm_threadx_port/tx_thread_interrupt_restore.asm
Building file: ../rza/fsp/src/rm_threadx_port/tx_thread_stack_build.asm
Building file: ../rza/fsp/src/rm_threadx_port/tx_thread_system_return.asm
Building file: ../rza/fsp/src/rm_threadx_port/tx_timer_interrupt.asm
Building file: ../rza/fsp/src/rm_threadx_port/tx_vector_table.asm
Building file: ../rza/fsp/src/r_usb_basic/src/hw/r_usb_creg_abs.c
Building file: ../rza/fsp/src/r_usb_basic/src/hw/r_usb_dma.c
Building file: ../rza/fsp/src/r_usb_basic/src/hw/r_usb_dmaca_rz.c
Building file: ../rza/fsp/src/r_usb_basic/src/hw/r_usb_dma_rz.c
Building file: ../rza/fsp/src/r_usb_basic/src/hw/r_usb_hostelectrical.c
Building file: ../rza/fsp/src/r_usb_basic/src/hw/r_usb_dmaca_rz_target.c
Building file: ../rza/fsp/src/r_usb_basic/src/hw/r_usb_creg_access.c
Building file: ../rza/fsp/src/r_usb_basic/src/hw/r_usb_hreg_abs.c
Building file: ../rza/fsp/src/r_usb_basic/src/hw/r_usb_hreg_access.c
Building file: ../rza/fsp/src/r_usb_basic/src/hw/r_usb_mcu.c
Building file: ../rza/microsoft/azure-rtos/threadx/common/src/txe_queue_send.c
Building file: ../rza/fsp/src/r_usb_basic/src/hw/r_usb_preg_abs.c
Building file: ../rza/fsp/src/r_usb_basic/src/hw/r_usb_preg_access.c
Building file: ../rza/fsp/src/r_usb_basic/src/driver/r_usb_cdataio.c
Building file: ../rza/fsp/src/r_usb_basic/src/driver/r_usb_clibusbip.c
Building file: ../rza/fsp/src/r_usb_basic/src/driver/r_usb_hbc.c
Building file: ../rza/fsp/src/r_usb_basic/src/driver/r_usb_hcontrolrw.c
Building file: ../rza/fsp/src/r_usb_basic/src/driver/r_usb_cstd_rtos.c
In file included from C:\work_git\rza3_gcc_azure_rtos_examples\evk_rza3ul\usbx_demo_pcdc_rza3_fsp\rza\fsp\inc\api/r_usb_basic_api.h:54,
                 from C:\work_git\rza3_gcc_azure_rtos_examples\evk_rza3ul\usbx_demo_pcdc_rza3_fsp\rza\fsp\inc\instances/r_usb_basic.h:31,
                 from ../rza/fsp/src/r_usb_basic/src/driver/r_usb_cstd_rtos.c:24:
../rza/fsp/src/r_usb_basic/src/driver/r_usb_cstd_rtos.c: In function 'usb_rtos_configuration':
C:\work_git\rza3_gcc_azure_rtos_examples\evk_rza3ul\usbx_demo_pcdc_rza3_fsp\rza\microsoft\azure-rtos\threadx\common\inc/tx_api.h:1405:80: warning: passing argument 3 of '_txe_thread_create' from incompatible pointer type [-Wincompatible-pointer-types]
 1405 | #define tx_thread_create(t,n,e,i,s,l,p,r,c,a)       _txe_thread_create((t),(n),(e),(i),(s),(l),(p),(r),(c),(a),(sizeof(TX_THREAD)))
      |                                                                                ^~~
      |                                                                                |
      |                                                                                void (*)(void)
../rza/fsp/src/r_usb_basic/src/driver/r_usb_cstd_rtos.c:1152:15: note: in expansion of macro 'tx_thread_create'
 1152 |         ret = tx_thread_create(&g_pcd_tsk_hdl,               /** Pointer to a thread control block.              **/
      |               ^~~~~~~~~~~~~~~~
C:\work_git\rza3_gcc_azure_rtos_examples\evk_rza3ul\usbx_demo_pcdc_rza3_fsp\rza\microsoft\azure-rtos\threadx\common\inc/tx_api.h:1768:24: note: expected 'void (*)(ULONG)' {aka 'void (*)(unsigned int)'} but argument is of type 'void (*)(void)'
 1768 |                 VOID (*entry_function)(ULONG entry_input), ULONG entry_input,
Building file: ../rza/fsp/src/r_usb_basic/src/driver/r_usb_hdriver.c
Building file: ../rza/fsp/src/r_usb_basic/src/driver/r_usb_hdriver_api_rz.c
Building file: ../rza/fsp/src/r_usb_basic/src/driver/r_usb_hdriver_rz.c
Building file: ../rza/fsp/src/r_usb_basic/src/driver/r_usb_hehci_main.c
Building file: ../rza/fsp/src/r_usb_basic/src/driver/r_usb_hehci_memory.c
Building file: ../rza/fsp/src/r_usb_basic/src/driver/r_usb_hhci.c
Building file: ../rza/fsp/src/r_usb_basic/src/driver/r_usb_hhubsys.c
Building file: ../rza/fsp/src/r_usb_basic/src/driver/r_usb_hehci_transfer.c
Building file: ../rza/fsp/src/r_usb_basic/src/driver/r_usb_hintfifo.c
Building file: ../rza/fsp/src/r_usb_basic/src/driver/r_usb_hinthandler_rz.c
Building file: ../rza/fsp/src/r_usb_basic/src/driver/r_usb_hinthandler_usbip0.c
Building file: ../rza/fsp/src/r_usb_basic/src/driver/r_usb_hlibusbip.c
Building file: ../rza/fsp/src/r_usb_basic/src/driver/r_usb_hmanager.c
Building file: ../rza/fsp/src/r_usb_basic/src/driver/r_usb_hohci_transfer.c
Building file: ../rza/fsp/src/r_usb_basic/src/driver/r_usb_hohci_memory.c
Building file: ../rza/fsp/src/r_usb_basic/src/driver/r_usb_hscheduler.c
Building file: ../rza/fsp/src/r_usb_basic/src/driver/r_usb_hohci_main.c
Building file: ../rza/fsp/src/r_usb_basic/src/driver/r_usb_hscheduler_rz.c
Building file: ../rza/fsp/src/r_usb_basic/src/driver/r_usb_hsignal.c
Building file: ../rza/fsp/src/r_usb_basic/src/driver/r_usb_hstdfunction.c
Building file: ../rza/fsp/src/r_usb_basic/src/driver/r_usb_mmu_pa_to_va.c
Building file: ../rza/fsp/src/r_usb_basic/src/driver/r_usb_pcontrolrw.c
Building file: ../rza/fsp/src/r_usb_basic/src/driver/r_usb_pintfifo.c
Building file: ../rza/fsp/src/r_usb_basic/src/driver/r_usb_pbc.c
Building file: ../rza/fsp/src/r_usb_basic/src/driver/r_usb_pdriver.c
Building file: ../rza/fsp/src/r_usb_basic/src/driver/r_usb_pinthandler_usbip0.c
Building file: ../rza/fsp/src/r_usb_basic/src/driver/r_usb_plibusbip.c
Building file: ../rza/fsp/src/r_usb_basic/src/driver/r_usb_psignal.c
Building file: ../rza/fsp/src/r_usb_basic/src/driver/r_usb_pstdfunction.c
../rza/fsp/src/r_usb_basic/src/driver/r_usb_pstdfunction.c: In function 'usb_pstd_ux_descriptor_to_basic':
../rza/fsp/src/r_usb_basic/src/driver/r_usb_pstdfunction.c:267:22: warning: comparison between pointer and zero character constant [-Wpointer-compare]
  267 |         if (USB_NULL != p)
      |                      ^~
../rza/fsp/src/r_usb_basic/src/driver/r_usb_pstdfunction.c:267:25: note: did you mean to dereference the pointer?
  267 |         if (USB_NULL != p)
      |                         ^
../rza/fsp/src/r_usb_basic/src/driver/r_usb_pstdfunction.c:283:18: warning: comparison between pointer and zero character constant [-Wpointer-compare]
  283 |     if (USB_NULL != _ux_system_slave->ux_system_slave_language_id_framework)
      |                  ^~
../rza/fsp/src/r_usb_basic/src/driver/r_usb_pstdfunction.c:283:21: note: did you mean to dereference the pointer?
  283 |     if (USB_NULL != _ux_system_slave->ux_system_slave_language_id_framework)
      |                     ^
../rza/fsp/src/r_usb_basic/src/driver/r_usb_pstdfunction.c:288:18: warning: comparison between pointer and zero character constant [-Wpointer-compare]
  288 |     if (USB_NULL != _ux_system_slave->ux_system_slave_string_framework)
      |                  ^~
../rza/fsp/src/r_usb_basic/src/driver/r_usb_pstdfunction.c:288:21: note: did you mean to dereference the pointer?
  288 |     if (USB_NULL != _ux_system_slave->ux_system_slave_string_framework)
      |                     ^
../rza/fsp/src/r_usb_basic/src/driver/r_usb_pstdrequest.c: In function 'usb_peri_class_request_rwds':
Building file: ../rza/fsp/src/r_usb_basic/src/driver/r_usb_pstdrequest.c
../rza/fsp/src/r_usb_basic/src/driver/r_usb_pstdrequest.c:1757:25: warning: unused variable 'ctrl' [-Wunused-variable]
 1757 |     usb_instance_ctrl_t ctrl;
      |                         ^~~~
../rza/fsp/src/r_usb_basic/src/driver/r_usb_pstdrequest.c: In function 'usb_peri_class_request_wnss':
../rza/fsp/src/r_usb_basic/src/driver/r_usb_pstdrequest.c:1841:25: warning: unused variable 'ctrl' [-Wunused-variable]
 1841 |     usb_instance_ctrl_t ctrl;
      |                         ^~~~
Building file: ../rza/fsp/src/r_mmu/r_mmu.c
Building file: ../rza/fsp/src/r_scif_uart/r_scif_uart.c
Building file: ../rza/fsp/src/r_ioport/r_ioport.c
../rza/fsp/src/r_usb_basic/r_usb_basic.c: In function 'R_USB_Open':
Building file: ../rza/fsp/src/r_usb_basic/r_usb_basic.c
../rza/fsp/src/r_usb_basic/r_usb_basic.c:613:17: warning: implicit declaration of function 'usb_peri_usbx_initialize'; did you mean 'usb_peri_usbx_initialize_complete'? [-Wimplicit-function-declaration]
  613 |                 usb_peri_usbx_initialize(R_USB_HS0_BASE);
      |                 ^~~~~~~~~~~~~~~~~~~~~~~~
      |                 usb_peri_usbx_initialize_complete
../rza/fsp/src/r_usb_basic/r_usb_basic.c: In function 'R_USB_Close':
../rza/fsp/src/r_usb_basic/r_usb_basic.c:829:13: warning: implicit declaration of function 'usb_peri_usbx_uninitialize'; did you mean 'usb_peri_usbx_initialize_complete'? [-Wimplicit-function-declaration]
  829 |             usb_peri_usbx_uninitialize(R_USB_HS0_BASE);
      |             ^~~~~~~~~~~~~~~~~~~~~~~~~~
      |             usb_peri_usbx_initialize_complete
Building file: ../rza/fsp/src/bsp/mcu/rza3ul/bsp_irq_sense.c
Building file: ../rza/fsp/src/r_gtm/r_gtm.c
Building file: ../rza/fsp/src/bsp/mcu/all/bsp_delay_asm.asm
Building file: ../rza/fsp/src/bsp/mcu/rza3ul/bsp_clocks_setup.c
Building file: ../rza/fsp/src/bsp/mcu/all/bsp_clocks.c
Building file: ../rza/fsp/src/bsp/mcu/all/bsp_common.c
Building file: ../rza/fsp/src/bsp/mcu/all/bsp_delay.c
Building file: ../rza/fsp/src/bsp/mcu/all/bsp_gicv3.c
Building file: ../rza/fsp/src/bsp/mcu/all/bsp_guard.c
Building file: ../rza/fsp/src/bsp/mcu/all/bsp_group_irq.c
Building file: ../rza/fsp/src/bsp/mcu/all/bsp_io.c
Building file: ../rza/fsp/src/bsp/mcu/all/bsp_irq.c
Building file: ../rza/fsp/src/bsp/mcu/all/bsp_rom_registers.c
Building file: ../rza/fsp/src/bsp/mcu/all/bsp_sbrk.c
Building file: ../rza/fsp/src/bsp/mcu/all/bsp_security.c
Building file: ../rza/fsp/src/bsp/cmsis/Device/RENESAS/Source/cache.asm
Building file: ../rza/fsp/src/bsp/cmsis/Device/RENESAS/Source/irq.asm
Building file: ../rza/fsp/src/bsp/cmsis/Device/RENESAS/Source/initsect.asm
Building file: ../rza/fsp/src/bsp/cmsis/Device/RENESAS/Source/irqfiq_handler.asm
Building file: ../rza/fsp/src/bsp/cmsis/Device/RENESAS/Source/mmu.asm
Building file: ../rza/fsp/src/bsp/cmsis/Device/RENESAS/Source/startup.asm
Building file: ../rza/fsp/src/bsp/cmsis/Device/RENESAS/Source/program_entry.asm
Building file: ../rza/fsp/src/bsp/cmsis/Device/RENESAS/Source/default_handler.c
Building file: ../rza/fsp/src/bsp/cmsis/Device/RENESAS/Source/vector_table.asm
Building file: ../rza/fsp/src/bsp/cmsis/Device/RENESAS/Source/system.c
Building file: ../rza/board/rza3ul_smarc_qspi/board_init.c
Building file: ../rza/board/rza3ul_smarc_qspi/board_leds.c
C:/Program Files (x86)/Arm GNU Toolchain aarch64-none-elf/13.2 Rel1/bin/../lib/gcc/aarch64-none-elf/13.2.1/../../../../aarch64-none-elf/bin/ld.exe: warning: usbx_demo_pcdc_rza3_fsp.elf has a LOAD segment with RWX permissions
Building target: usbx_demo_pcdc_rza3_fsp.elf
aarch64-none-elf-size --format=berkeley "usbx_demo_pcdc_rza3_fsp.elf"
   text	   data	    bss	    dec	    hex	filename
 106124	  10128	2462264	2578516	 275854	usbx_demo_pcdc_rza3_fsp.elf
aarch64-none-elf-objcopy -O ihex "usbx_demo_pcdc_rza3_fsp.elf"  "usbx_demo_pcdc_rza3_fsp.hex"

16:02:57 Build Finished. 0 errors, 10 warnings. (took 1m:28s.536ms)

**** Post-build Processing for project usbx_demo_pcdc_rza3_fsp ****
Post build script started
Post build script complete
Processing finished
