T53DC 000:001.583   SEGGER J-Link V8.10a Log File
T53DC 000:001.836   DLL Compiled: Oct  2 2024 14:12:12
T53DC 000:001.868   Logging started @ 2025-05-26 08:27
T53DC 000:001.899   Process: C:\Users\a5134593\.eclipse\com.renesas.platform_301333723\DebugComp\RZ\e2-server-gdb.exe
T53DC 000:001.933 - 1.931ms
T53DC 000:001.974 JLINK_GetDLLVersion()
T53DC 000:002.005 - 0.031ms returns 81001
T53DC 000:003.046 JLINK_OpenEx(...)
T53DC 000:014.076   Firmware: J-Link OB-RA4M2-Full compiled Feb 20 2025 16:35:05
T53DC 000:014.675   Firmware: J-Link OB-RA4M2-Full compiled Feb 20 2025 16:35:05
T53DC 000:027.594   Hardware: V1.00
T53DC 000:027.658   S/N: 1120001286
T53DC 000:027.685   OEM: SEGGER
T53DC 000:027.711   Feature(s): None
T53DC 000:028.368   Bootloader: 2023 Apr 26
T53DC 000:028.794   USB speed mode: Full speed (12 MBit/s)
T53DC 000:029.216   TELNET listener socket opened on port 19021
T53DC 000:029.480   WEBSRV WEBSRV_Init(): Starting webserver thread(s)
T53DC 000:029.726   WEBSRV Webserver running on local port 19080
T53DC 000:030.033   Looking for J-Link GUI Server exe at: C:\Users\a5134593\.eclipse\com.renesas.platform_301333723\DebugComp\RZ\ARM\Segger_v8.10.1\JLinkGUIServer.exe
T53DC 000:030.372   Looking for J-Link GUI Server exe at: C:\Program Files (x86)\SEGGER\JLink\\JLinkGUIServer.exe
T53DC 000:335.617   Failed to connect to J-Link GUI Server.
T53DC 000:335.799 - 332.743ms returns "O.K."
T53DC 000:336.229 JLINK_ExecCommand("ProjectFile=C:\work_rza3m\ek-rza3m\filex_demo_sdmmc_ek_rza3m/filex_demo_sdmmc_ek_rza3m Debug_Flat.jlink", ...). 
T53DC 000:368.768 - 32.539ms returns 0x00
T53DC 000:369.615 JLINK_ExecCommand("device=R9A07G066M04", ...). 
T53DC 000:373.798   Device "R9A07G066M04" selected.
T53DC 000:375.677 - 6.001ms returns 0x00
T53DC 000:375.751 JLINK_ExecCommand("SetCPUConnectIDCODE = FFFFFFFFFFFFFFFFFFFFFFFFFFFFFFFF", ...). 
T53DC 000:375.777 - 0.003ms returns 0x00
T53DC 000:375.797 JLINK_TIF_GetAvailable(...)
T53DC 000:375.954 - 0.157ms
T53DC 000:376.000 JLINK_TIF_Select(JLINKARM_TIF_JTAG)
T53DC 000:376.543 - 0.542ms returns 0x00
T53DC 000:376.579 JLINK_SetSpeed(4000)
T53DC 000:376.645 - 0.067ms
T53DC 000:376.666 JLINK_SetEndian(ARM_ENDIAN_LITTLE)
T53DC 000:376.683 - 0.016ms returns 0
T53DC 000:376.701 JLINK_SetInitRegsOnReset(OFF)
T53DC 000:376.718 - 0.017ms returns 1
T53DC 000:376.736 JLINK_SetResetType(JLINKARM_RESET_TYPE_NORMAL)
T53DC 000:376.755 - 0.019ms returns JLINKARM_RESET_TYPE_NORMAL
T53DC 000:376.774 JLINK_ExecCommand("EnableFlashBPs", ...). 
T53DC 000:376.799 - 0.002ms returns 0x00
T53DC 000:376.821 JLINK_ExecCommand("SetAllowFlashCache = 1", ...). 
T53DC 000:376.840 - 0.000ms returns 0x01
T53DC 000:376.859 JLINK_ExecCommand("SetRestartOnClose = 0", ...). 
T53DC 000:376.879 - 0.001ms returns 0x01
T53DC 000:376.897 JLINK_EnableSoftBPs(ON)
T53DC 000:376.914 - 0.016ms
T53DC 000:376.932 JLINK_Connect()
T53DC 000:378.594   TotalIRLen = 4, IRPrint = 0x01
T53DC 000:378.937   JTAG chain detection found 1 devices:
T53DC 000:378.970    #0 Id: 0x6BA00477, IRLen: 04, CoreSight JTAG-DP
T53DC 000:380.336   DPv0 detected
T53DC 000:380.383   Scanning AP map to find all available APs
T53DC 000:381.602   AP[4]: Stopped AP scan as end of AP map has been reached
T53DC 000:381.651   AP[0]: APB-AP (IDR: 0x54770002, ADDR: 0x00000000)
T53DC 000:381.677   AP[1]: AXI-AP (IDR: 0x44770004, ADDR: 0x01000000)
T53DC 000:381.701   AP[2]: AHB-AP (IDR: 0x84770001, ADDR: 0x02000000)
T53DC 000:381.725   AP[3]: AHB-AP (IDR: 0x84770001, ADDR: 0x03000000)
T53DC 000:381.750   Iterating through AP map to find APB-AP to use
T53DC 000:381.774   AP[0]: APB-AP found
T53DC 000:381.800   No AP map specified by user. Setting auto-detected AP map.
T53DC 000:381.824   Core base address and CTI core base address are both not set. Performing autodetection as fallback.
T53DC 000:382.247   Scanning ROMTbl @ 0x10C00000
T53DC 000:386.001   [0]Comp[0] @ 0x10C10000: TSG
T53DC 000:388.027   [0]Comp[1] @ 0x10C20000: TMC
T53DC 000:389.557   [0]Comp[2] @ 0x10C30000: ETB
T53DC 000:390.885   [0]Comp[3] @ 0x10C40000: CSTF
T53DC 000:392.135   [0]Comp[4] @ 0x10C50000: CTI (?)
T53DC 000:393.351   [0]Comp[5] @ 0x10C60000: CTI (?)
T53DC 000:394.596   [0]Comp[6] @ 0x10E00000: ROM Table
T53DC 000:394.683   Scanning ROMTbl @ 0x10E00000
T53DC 000:398.921   [1]Comp[0] @ 0x10E10000: Cortex-A55
T53DC 000:400.124   [1]Comp[1] @ 0x10E20000: CSS600-CTI
T53DC 000:400.177   Core found. Stopped ROM table scan: https://wiki.segger.com/ROMTableScan
T53DC 000:400.214   Cortex-A55 @ 0x10E10000 (detected)
T53DC 000:400.239   CoreCTI @ 0x10E20000 (detected)
T53DC 000:401.659   Debug architecture: ARMv8.2
T53DC 000:401.701   6 code breakpoints, 4 data breakpoints
T53DC 000:402.009   Processor features:
T53DC 000:402.038     EL0 support: AArch64 + AArch32
T53DC 000:402.063     EL1 support: AArch64 + AArch32
T53DC 000:402.089     EL2 support: AArch64 + AArch32
T53DC 000:402.113     EL3 support: AArch64 + AArch32
T53DC 000:402.138     FPU support: Single + Double + Conversion + single arithmetic
T53DC 000:402.446   -- Max. mem block: 0x0001D7B0
T53DC 000:411.562   Current exception level: EL3
T53DC 000:411.657   Exception level AArch usage:
T53DC 000:411.699     EL0: AArch64
T53DC 000:411.738     EL1: AArch64
T53DC 000:411.778     EL2: AArch64
T53DC 000:411.817     EL3: AArch64
T53DC 000:411.855   Non-secure status: Secure
T53DC 000:412.429   Cache info:
T53DC 000:412.480     Inner cache boundary: L2
T53DC 000:412.506     LoU Uniprocessor: 0
T53DC 000:412.532     LoC: 2
T53DC 000:412.558     LoU Inner Shareable: 0
T53DC 000:414.925   I-Cache L1: 32 KB, 128 Sets, 64 Bytes/Line, 4-Way
T53DC 000:414.990   D-Cache L1: 32 KB, 128 Sets, 64 Bytes/Line, 4-Way
T53DC 000:415.026   Unified-Cache L2: 256 KB, 256 Sets, 64 Bytes/Line, 16-Way
T53DC 000:415.695   VMSAv8-64: Supports 48-bit VAs
T53DC 000:415.767 - 38.833ms returns 0x00
T53DC 000:415.793 JLINK_Halt()
T53DC 000:415.812 - 0.018ms returns 0x00
T53DC 000:415.830 JLINK_IsHalted()
T53DC 000:415.854 - 0.023ms returns TRUE
T53DC 000:415.880 JLINK_ResetPullsRESET(ON)
T53DC 000:415.902 - 0.022ms
T53DC 000:415.921 JLINK_Reset()
T53DC 000:415.949   JLINK_GetResetTypeDesc
T53DC 000:415.968   - 0.019ms
T53DC 000:415.985   Reset type: NORMAL (https://wiki.segger.com/J-Link_Reset_Strategies)
T53DC 000:539.400   Reset confused the core.
T53DC 000:540.511   Disabled core power domain detected.
T53DC 000:542.381   
  ***** Warning: 
T53DC 000:542.467   CPU not halted after Reset, halting using Halt request
T53DC 000:560.102 - 144.179ms
T53DC 000:560.219 JLINK_IsHalted()
T53DC 000:560.238 - 0.019ms returns TRUE
T53DC 000:561.087 JLINK_MeasureCPUSpeed(RAMAddr = 0xFFFFFFFF)
T53DC 000:561.131 - 0.043ms returns 0
T53DC 000:561.268 JLINK_ReadRegs_64(NumRegs = 1, Indexes: 
T53DC 000:561.288   41)
T53DC 000:561.320    -- CPSR=0x800003CD
T53DC 000:561.344 - 0.076ms returns 0
T0DFC 002:840.163 JLINK_BeginDownload(Flags = 0x00000000)
T0DFC 002:840.239 - 0.075ms
T0DFC 002:858.187 JLINK_WriteMem(0x20000000, 0xBD0 Bytes, ...)
T0DFC 002:858.274   Data:  00 88 00 00 FF FF FF FF FF FF FF FF FF FF FF FF ...
T0DFC 002:858.627   completely In flash
T0DFC 002:858.686 - 0.499ms returns 0xBD0
T0DFC 002:859.277 JLINK_WriteMem(0x20000BD0, 0xBC0 Bytes, ...)
T0DFC 002:859.332   Data:  A1 FF FF 97 F5 FF FF 17 63 01 80 12 F3 FF FF 17 ...
T0DFC 002:859.362   completely In flash
T0DFC 002:859.388 - 0.110ms returns 0xBC0
T0DFC 002:859.846 JLINK_WriteMem(0x20001790, 0xBB0 Bytes, ...)
T0DFC 002:859.912   Data:  E0 13 40 F9 01 00 80 D2 42 00 00 90 42 20 27 91 ...
T0DFC 002:859.970   completely In flash
T0DFC 002:859.998 - 0.152ms returns 0xBB0
T0DFC 002:860.351 JLINK_WriteMem(0x20002340, 0xBB0 Bytes, ...)
T0DFC 002:860.409   Data:  01 00 80 52 03 04 40 B9 21 04 00 11 02 84 40 B8 ...
T0DFC 002:860.444   completely In flash
T0DFC 002:860.471 - 0.120ms returns 0xBB0
T0DFC 002:860.789 JLINK_WriteMem(0x20002EF0, 0xBB0 Bytes, ...)
T0DFC 002:860.838   Data:  01 00 00 B9 20 00 80 52 35 F6 FF 97 81 24 80 D2 ...
T0DFC 002:860.865   completely In flash
T0DFC 002:860.893 - 0.104ms returns 0xBB0
T0DFC 002:861.258 JLINK_WriteMem(0x20003AA0, 0xBB0 Bytes, ...)
T0DFC 002:861.294   Data:  E1 3F 1F 32 20 20 A2 F2 01 00 00 B9 81 4E 81 D2 ...
T0DFC 002:861.322   completely In flash
T0DFC 002:861.346 - 0.088ms returns 0xBB0
T0DFC 002:861.598 JLINK_WriteMem(0x20004650, 0xBB0 Bytes, ...)
T0DFC 002:861.622   Data:  20 00 80 52 5E F0 FF 97 74 01 00 36 33 FF FF 35 ...
T0DFC 002:861.649   completely In flash
T0DFC 002:861.674 - 0.075ms returns 0xBB0
T0DFC 002:861.914 JLINK_WriteMem(0x20005200, 0xBB0 Bytes, ...)
T0DFC 002:861.938   Data:  BF 2A 00 71 40 01 00 54 62 0A 40 F9 E1 03 13 AA ...
T0DFC 002:861.962   completely In flash
T0DFC 002:861.986 - 0.071ms returns 0xBB0
T0DFC 002:862.275 JLINK_WriteMem(0x20005DB0, 0xBE0 Bytes, ...)
T0DFC 002:862.304   Data:  00 00 00 00 00 00 00 00 00 BA 01 00 00 00 00 00 ...
T0DFC 002:862.331   completely In flash
T0DFC 002:862.355 - 0.080ms returns 0xBE0
T0DFC 002:862.575 JLINK_WriteMem(0x20006990, 0xBE0 Bytes, ...)
T0DFC 002:862.597   Data:  0C 05 00 00 00 00 00 00 10 05 00 00 FF FF 0F 03 ...
T0DFC 002:862.621   completely In flash
T0DFC 002:862.645 - 0.070ms returns 0xBE0
T0DFC 002:862.855 JLINK_WriteMem(0x20007570, 0xBE0 Bytes, ...)
T0DFC 002:862.877   Data:  20 74 6F 20 70 75 6C 6C 20 75 70 20 57 50 23 53 ...
T0DFC 002:862.902   completely In flash
T0DFC 002:862.925 - 0.070ms returns 0xBE0
T0DFC 002:863.118 JLINK_WriteMem(0x20008150, 0x8B0 Bytes, ...)
T0DFC 002:863.145   Data:  00 00 00 00 00 00 00 00 00 00 00 00 00 00 00 00 ...
T0DFC 002:863.168   completely In flash
T0DFC 002:863.191 - 0.073ms returns 0x8B0
T0DFC 002:868.023 JLINK_WriteMem(0x20020000, 0xBE0 Bytes, ...)
T0DFC 002:868.109   Data:  00 00 20 40 00 00 00 00 FF FF DF BF FF FF FF FF ...
T0DFC 002:868.140   completely In flash
T0DFC 002:868.167 - 0.145ms returns 0xBE0
T0DFC 002:868.439 JLINK_WriteMem(0x20020BE0, 0xBE0 Bytes, ...)
T0DFC 002:868.475   Data:  00 00 00 00 00 00 00 00 00 00 00 00 00 00 00 00 ...
T0DFC 002:868.502   completely In flash
T0DFC 002:868.528 - 0.089ms returns 0xBE0
T0DFC 002:868.742 JLINK_WriteMem(0x200217C0, 0xBE0 Bytes, ...)
T0DFC 002:868.768   Data:  1F 20 03 D5 1F 20 03 D5 1F 20 03 D5 1F 20 03 D5 ...
T0DFC 002:868.794   completely In flash
T0DFC 002:868.819 - 0.076ms returns 0xBE0
T0DFC 002:869.025 JLINK_WriteMem(0x200223A0, 0xBE0 Bytes, ...)
T0DFC 002:869.049   Data:  1F 20 03 D5 1F 20 03 D5 1F 20 03 D5 1F 20 03 D5 ...
T0DFC 002:869.074   completely In flash
T0DFC 002:869.104 - 0.079ms returns 0xBE0
T0DFC 002:869.334 JLINK_WriteMem(0x20022F80, 0xBD0 Bytes, ...)
T0DFC 002:869.359   Data:  10 30 20 40 00 00 00 00 40 30 20 40 00 00 00 00 ...
T0DFC 002:869.383   completely In flash
T0DFC 002:869.407 - 0.072ms returns 0xBD0
T0DFC 002:869.638 JLINK_WriteMem(0x20023B50, 0xBD0 Bytes, ...)
T0DFC 002:869.662   Data:  E0 03 03 2A 6D 00 00 94 FF 1B 00 B9 00 00 00 90 ...
T0DFC 002:869.685   completely In flash
T0DFC 002:869.710 - 0.072ms returns 0xBD0
T0DFC 002:869.975 JLINK_WriteMem(0x20024720, 0xBD0 Bytes, ...)
T0DFC 002:870.027   Data:  FD 03 00 91 E0 1F 00 B9 E1 0B 00 F9 E2 1B 00 B9 ...
T0DFC 002:870.055   completely In flash
T0DFC 002:870.082 - 0.107ms returns 0xBD0
T0DFC 002:870.352 JLINK_WriteMem(0x200252F0, 0xBD0 Bytes, ...)
T0DFC 002:870.405   Data:  E2 23 00 B9 E3 0F 00 F9 E4 17 00 B9 20 42 3B D5 ...
T0DFC 002:870.432   completely In flash
T0DFC 002:870.458 - 0.106ms returns 0xBD0
T0DFC 002:870.679 JLINK_WriteMem(0x20025EC0, 0xBE0 Bytes, ...)
T0DFC 002:870.714   Data:  15 00 00 14 E0 0F 40 F9 00 60 40 F9 E0 33 00 F9 ...
T0DFC 002:870.740   completely In flash
T0DFC 002:870.766 - 0.087ms returns 0xBE0
T0DFC 002:870.991 JLINK_WriteMem(0x20026AA0, 0xBE0 Bytes, ...)
T0DFC 002:871.025   Data:  E0 8B 00 B9 E0 8B 40 B9 1F 00 00 71 A1 00 00 54 ...
T0DFC 002:871.049   completely In flash
T0DFC 002:871.075 - 0.085ms returns 0xBE0
T0DFC 002:871.568 JLINK_WriteMem(0x20027680, 0xBE0 Bytes, ...)
T0DFC 002:871.634   Data:  3F 00 00 EB 01 0B 00 54 E0 0F 40 F9 00 28 41 B9 ...
T0DFC 002:871.700   completely In flash
T0DFC 002:871.736 - 0.169ms returns 0xBE0
T0DFC 002:872.265 JLINK_WriteMem(0x20028260, 0xBD0 Bytes, ...)
T0DFC 002:872.362   Data:  01 58 00 B9 05 00 00 14 E0 17 40 F9 01 10 41 B9 ...
T0DFC 002:872.397   completely In flash
T0DFC 002:872.426 - 0.162ms returns 0xBD0
T0DFC 002:872.846 JLINK_WriteMem(0x20028E30, 0xBD0 Bytes, ...)
T0DFC 002:872.899   Data:  C0 41 00 94 05 00 00 14 1F 20 03 D5 04 00 00 14 ...
T0DFC 002:872.957   completely In flash
T0DFC 002:872.996 - 0.150ms returns 0xBD0
T0DFC 002:873.443 JLINK_WriteMem(0x20029A00, 0xBD0 Bytes, ...)
T0DFC 002:873.490   Data:  00 00 40 F9 01 00 40 F9 E0 37 40 B9 00 F0 7D D3 ...
T0DFC 002:873.521   completely In flash
T0DFC 002:873.548 - 0.106ms returns 0xBD0
T0DFC 002:873.899 JLINK_WriteMem(0x2002A5D0, 0xBD0 Bytes, ...)
T0DFC 002:873.955   Data:  E6 27 40 B9 E5 33 40 B9 E4 17 40 F9 E3 37 40 B9 ...
T0DFC 002:873.983   completely In flash
T0DFC 002:874.009 - 0.110ms returns 0xBD0
T0DFC 002:874.446 JLINK_WriteMem(0x2002B1A0, 0xBD0 Bytes, ...)
T0DFC 002:874.503   Data:  01 2C 00 B9 E0 2B 40 F9 00 08 00 91 E0 2B 00 F9 ...
T0DFC 002:874.542   completely In flash
T0DFC 002:874.573 - 0.128ms returns 0xBD0
T0DFC 002:874.983 JLINK_WriteMem(0x2002BD70, 0xBD0 Bytes, ...)
T0DFC 002:875.026   Data:  41 1C 00 12 01 00 00 39 E0 77 40 B9 00 04 00 11 ...
T0DFC 002:875.051   completely In flash
T0DFC 002:875.077 - 0.094ms returns 0xBD0
T0DFC 002:875.394 JLINK_WriteMem(0x2002C940, 0xBE0 Bytes, ...)
T0DFC 002:875.431   Data:  01 00 40 F9 E0 AF 40 B9 20 00 00 8B 00 00 C0 39 ...
T0DFC 002:875.456   completely In flash
T0DFC 002:875.480 - 0.085ms returns 0xBE0
T0DFC 002:875.710 JLINK_WriteMem(0x2002D520, 0xBE0 Bytes, ...)
T0DFC 002:875.739   Data:  E0 17 40 F9 00 58 40 B9 E1 AF 40 B9 3F 00 00 6B ...
T0DFC 002:875.767   completely In flash
T0DFC 002:875.794 - 0.083ms returns 0xBE0
T0DFC 002:876.126 JLINK_WriteMem(0x2002E100, 0xBE0 Bytes, ...)
T0DFC 002:876.194   Data:  E0 17 40 F9 00 00 40 F9 E0 8F 00 F9 E0 8F 40 F9 ...
T0DFC 002:876.227   completely In flash
T0DFC 002:876.258 - 0.132ms returns 0xBE0
T0DFC 002:876.554 JLINK_WriteMem(0x2002ECE0, 0xBC0 Bytes, ...)
T0DFC 002:876.594   Data:  8E 00 00 14 00 03 80 52 E0 8F 02 39 E1 03 41 39 ...
T0DFC 002:876.621   completely In flash
T0DFC 002:876.646 - 0.092ms returns 0xBC0
T0DFC 002:877.716 JLINK_WriteMem(0x2002F8A0, 0xBB0 Bytes, ...)
T0DFC 002:877.806   Data:  21 7C 00 9B E0 73 40 B9 20 7C 00 9B E0 37 00 F9 ...
T0DFC 002:877.839   completely In flash
T0DFC 002:877.867 - 0.152ms returns 0xBB0
T0DFC 002:878.436 JLINK_WriteMem(0x20030450, 0xB80 Bytes, ...)
T0DFC 002:878.479   Data:  E0 17 40 F9 02 24 40 F9 E0 17 40 F9 00 2C 40 F9 ...
T0DFC 002:878.507   completely In flash
T0DFC 002:878.532 - 0.097ms returns 0xB80
T0DFC 002:878.942 JLINK_WriteMem(0x20030FD0, 0xBD0 Bytes, ...)
T0DFC 002:878.971   Data:  00 98 41 B9 01 04 00 11 E0 0F 40 F9 01 98 01 B9 ...
T0DFC 002:878.996   completely In flash
T0DFC 002:879.021 - 0.079ms returns 0xBD0
T0DFC 002:879.440 JLINK_WriteMem(0x20031BA0, 0xBD0 Bytes, ...)
T0DFC 002:879.466   Data:  E0 33 40 F9 41 03 80 12 01 20 00 39 E1 33 40 F9 ...
T0DFC 002:879.500   completely In flash
T0DFC 002:879.530 - 0.090ms returns 0xBD0
T0DFC 002:879.917 JLINK_WriteMem(0x20032770, 0xBD0 Bytes, ...)
T0DFC 002:879.942   Data:  E0 0F 40 F9 00 20 08 91 B8 CE FF 97 E0 0F 40 F9 ...
T0DFC 002:879.970   completely In flash
T0DFC 002:879.994 - 0.076ms returns 0xBD0
T0DFC 002:880.372 JLINK_WriteMem(0x20033340, 0xBE0 Bytes, ...)
T0DFC 002:880.423   Data:  E1 2F 40 F9 20 00 00 8B 01 04 80 52 01 00 00 39 ...
T0DFC 002:880.449   completely In flash
T0DFC 002:880.474 - 0.102ms returns 0xBE0
T0DFC 002:880.832 JLINK_WriteMem(0x20033F20, 0xBE0 Bytes, ...)
T0DFC 002:880.881   Data:  16 00 00 14 E1 1F 40 F9 E2 A7 40 B9 80 01 80 D2 ...
T0DFC 002:880.909   completely In flash
T0DFC 002:880.940 - 0.109ms returns 0xBE0
T0DFC 002:881.220 JLINK_WriteMem(0x20034B00, 0xBA0 Bytes, ...)
T0DFC 002:881.262   Data:  00 8C 00 91 00 00 40 39 1F 00 00 71 A0 02 00 54 ...
T0DFC 002:881.289   completely In flash
T0DFC 002:881.317 - 0.097ms returns 0xBA0
T0DFC 002:881.650 JLINK_WriteMem(0x200356A0, 0xBE0 Bytes, ...)
T0DFC 002:881.696   Data:  E0 17 00 F9 E1 27 00 B9 E2 0F 00 F9 E0 17 40 F9 ...
T0DFC 002:881.723   completely In flash
T0DFC 002:881.749 - 0.099ms returns 0xBE0
T0DFC 002:882.092 JLINK_WriteMem(0x20036280, 0xBD0 Bytes, ...)
T0DFC 002:882.151   Data:  01 1C 00 12 E0 2F 40 B9 00 7C 08 53 00 1C 00 12 ...
T0DFC 002:882.181   completely In flash
T0DFC 002:882.208 - 0.115ms returns 0xBD0
T0DFC 002:882.446 JLINK_WriteMem(0x20036E50, 0xBE0 Bytes, ...)
T0DFC 002:882.479   Data:  00 80 00 91 00 44 40 39 1F 00 00 71 E0 09 00 54 ...
T0DFC 002:882.506   completely In flash
T0DFC 002:882.529 - 0.082ms returns 0xBE0
T0DFC 002:882.789 JLINK_WriteMem(0x20037A30, 0xBB0 Bytes, ...)
T0DFC 002:882.825   Data:  E0 07 00 54 E0 17 40 F9 00 CC 40 B9 1F 00 00 71 ...
T0DFC 002:882.850   completely In flash
T0DFC 002:882.875 - 0.085ms returns 0xBB0
T0DFC 002:883.104 JLINK_WriteMem(0x200385E0, 0xBE0 Bytes, ...)
T0DFC 002:883.135   Data:  3F 00 00 EB 61 00 00 54 20 11 80 52 77 00 00 14 ...
T0DFC 002:883.159   completely In flash
T0DFC 002:883.183 - 0.079ms returns 0xBE0
T0DFC 002:883.420 JLINK_WriteMem(0x200391C0, 0xBD0 Bytes, ...)
T0DFC 002:883.448   Data:  E0 27 40 F9 FD BB FF 97 E5 17 40 B9 E4 0F 40 F9 ...
T0DFC 002:883.474   completely In flash
T0DFC 002:883.499 - 0.078ms returns 0xBD0
T0DFC 002:883.912 JLINK_WriteMem(0x20039D90, 0xBD0 Bytes, ...)
T0DFC 002:884.003   Data:  1F 00 00 71 60 00 00 54 E0 37 40 B9 0A 00 00 14 ...
T0DFC 002:884.038   completely In flash
T0DFC 002:884.070 - 0.159ms returns 0xBD0
T0DFC 002:884.477 JLINK_WriteMem(0x2003A960, 0xBA0 Bytes, ...)
T0DFC 002:884.534   Data:  20 20 A2 D2 41 00 01 2A 01 54 08 B9 20 20 A2 D2 ...
T0DFC 002:884.560   completely In flash
T0DFC 002:884.584 - 0.107ms returns 0xBA0
T0DFC 002:884.874 JLINK_WriteMem(0x2003B500, 0xBD0 Bytes, ...)
T0DFC 002:884.920   Data:  E0 17 40 F9 E1 07 40 F9 01 3C 01 F9 E0 17 40 F9 ...
T0DFC 002:884.946   completely In flash
T0DFC 002:884.972 - 0.098ms returns 0xBD0
T0DFC 002:885.273 JLINK_WriteMem(0x2003C0D0, 0xBD0 Bytes, ...)
T0DFC 002:885.306   Data:  60 00 00 54 E0 37 40 B9 28 00 00 14 00 00 90 52 ...
T0DFC 002:885.332   completely In flash
T0DFC 002:885.357 - 0.084ms returns 0xBD0
T0DFC 002:885.609 JLINK_WriteMem(0x2003CCA0, 0xBD0 Bytes, ...)
T0DFC 002:885.640   Data:  E0 17 40 F9 01 5C 40 92 E0 17 40 F9 00 DC 78 D3 ...
T0DFC 002:885.664   completely In flash
T0DFC 002:885.698 - 0.089ms returns 0xBD0
T0DFC 002:886.000 JLINK_WriteMem(0x2003D870, 0xBD0 Bytes, ...)
T0DFC 002:886.028   Data:  81 00 00 54 E0 2F 40 B9 00 00 1D 32 E0 2F 00 B9 ...
T0DFC 002:886.130   completely In flash
T0DFC 002:886.163 - 0.163ms returns 0xBD0
T0DFC 002:886.436 JLINK_WriteMem(0x2003E440, 0xBD0 Bytes, ...)
T0DFC 002:886.462   Data:  00 10 40 B9 1F 00 00 71 C1 00 00 54 E1 3F 40 B9 ...
T0DFC 002:886.488   completely In flash
T0DFC 002:886.511 - 0.075ms returns 0xBD0
T0DFC 002:886.888 JLINK_WriteMem(0x2003F010, 0xBD0 Bytes, ...)
T0DFC 002:886.935   Data:  E0 03 00 2A 00 00 00 8B E1 03 00 AA E0 17 40 F9 ...
T0DFC 002:886.966   completely In flash
T0DFC 002:886.992 - 0.104ms returns 0xBD0
T0DFC 002:887.328 JLINK_WriteMem(0x2003FBE0, 0xBD0 Bytes, ...)
T0DFC 002:887.362   Data:  E0 3F 00 79 E0 07 C0 79 E0 03 20 2A 01 3C 00 13 ...
T0DFC 002:887.389   completely In flash
T0DFC 002:887.412 - 0.084ms returns 0xBD0
T0DFC 002:887.678 JLINK_WriteMem(0x200407B0, 0xBD0 Bytes, ...)
T0DFC 002:887.716   Data:  21 00 A0 52 01 38 05 B9 20 20 A2 D2 00 B8 46 B9 ...
T0DFC 002:887.746   completely In flash
T0DFC 002:887.770 - 0.092ms returns 0xBD0
T0DFC 002:887.989 JLINK_WriteMem(0x20041380, 0xBC0 Bytes, ...)
T0DFC 002:888.017   Data:  00 00 00 0B 00 04 00 11 E0 03 00 2A 00 F4 7E D3 ...
T0DFC 002:888.040   completely In flash
T0DFC 002:888.064 - 0.074ms returns 0xBC0
T0DFC 002:888.298 JLINK_WriteMem(0x20041F40, 0xBB0 Bytes, ...)
T0DFC 002:888.326   Data:  24 7A 0B D5 84 00 03 8B 9F 00 01 EB AB FF FF 54 ...
T0DFC 002:888.415   completely In flash
T0DFC 002:888.440 - 0.142ms returns 0xBB0
T0DFC 002:888.680 JLINK_WriteMem(0x20042AF0, 0xBC0 Bytes, ...)
T0DFC 002:888.739   Data:  86 1C 7D A9 68 24 02 A9 88 24 7E A9 6A 2C 03 A9 ...
T0DFC 002:888.767   completely In flash
T0DFC 002:888.791 - 0.111ms returns 0xBC0
T0DFC 002:889.078 JLINK_WriteMem(0x200436B0, 0xBC0 Bytes, ...)
T0DFC 002:889.100   Data:  43 6C 01 11 84 78 1F 53 84 7C 7D 93 C4 02 04 8B ...
T0DFC 002:889.126   completely In flash
T0DFC 002:889.163 - 0.085ms returns 0xBC0
T0DFC 002:889.474 JLINK_WriteMem(0x20044270, 0xBB0 Bytes, ...)
T0DFC 002:889.526   Data:  93 FE FF 17 E2 43 06 91 E1 03 15 AA E0 03 13 AA ...
T0DFC 002:889.563   completely In flash
T0DFC 002:889.587 - 0.113ms returns 0xBB0
T0DFC 002:889.857 JLINK_WriteMem(0x20044E20, 0xBB0 Bytes, ...)
T0DFC 002:889.879   Data:  7B A3 9F 1A F7 02 1B 4B FF 02 00 71 2D 7E FF 54 ...
T0DFC 002:889.908   completely In flash
T0DFC 002:889.944 - 0.087ms returns 0xBB0
T0DFC 002:890.210 JLINK_WriteMem(0x200459D0, 0xBC0 Bytes, ...)
T0DFC 002:890.232   Data:  22 FC FF 17 A9 1C 48 36 E0 6E F8 37 E0 3F 40 F9 ...
T0DFC 002:890.262   completely In flash
T0DFC 002:890.285 - 0.075ms returns 0xBC0
T0DFC 002:890.543 JLINK_WriteMem(0x20046590, 0xBC0 Bytes, ...)
T0DFC 002:890.582   Data:  97 05 00 31 FA 52 9F 1A 46 FF FF 17 A0 B2 40 B9 ...
T0DFC 002:890.606   completely In flash
T0DFC 002:890.638 - 0.095ms returns 0xBC0
T0DFC 002:890.869 JLINK_WriteMem(0x20047150, 0xBC0 Bytes, ...)
T0DFC 002:890.903   Data:  3F 00 00 EB 60 00 00 54 E0 03 16 AA 7D EF FF 97 ...
T0DFC 002:890.945   completely In flash
T0DFC 002:890.980 - 0.111ms returns 0xBC0
T0DFC 002:891.314 JLINK_WriteMem(0x20047D10, 0xBC0 Bytes, ...)
T0DFC 002:891.380   Data:  40 00 67 9E C0 03 5F D6 00 00 00 00 00 00 00 00 ...
T0DFC 002:891.417   completely In flash
T0DFC 002:891.451 - 0.137ms returns 0xBC0
T0DFC 002:891.715 JLINK_WriteMem(0x200488D0, 0xBD0 Bytes, ...)
T0DFC 002:891.756   Data:  BF 02 00 71 B5 06 00 51 20 00 80 D2 15 D4 95 9A ...
T0DFC 002:891.781   completely In flash
T0DFC 002:891.811 - 0.095ms returns 0xBD0
T0DFC 002:892.044 JLINK_WriteMem(0x200494A0, 0xBD0 Bytes, ...)
T0DFC 002:892.066   Data:  F5 03 01 AA 81 0A 41 29 F3 02 16 0B 5F 00 13 6B ...
T0DFC 002:892.090   completely In flash
T0DFC 002:892.114 - 0.069ms returns 0xBD0
T0DFC 002:892.335 JLINK_WriteMem(0x2004A070, 0xBD0 Bytes, ...)
T0DFC 002:892.359   Data:  44 E2 FF 97 EF FF FF 17 60 0A 40 F9 A0 0A 00 F9 ...
T0DFC 002:892.383   completely In flash
T0DFC 002:892.407 - 0.072ms returns 0xBD0
T0DFC 002:892.594 JLINK_WriteMem(0x2004AC40, 0xBE0 Bytes, ...)
T0DFC 002:892.620   Data:  A2 93 AE 72 21 00 27 1E 42 00 27 1E 20 28 22 1E ...
T0DFC 002:892.661   completely In flash
T0DFC 002:892.690 - 0.096ms returns 0xBE0
T0DFC 002:892.894 JLINK_WriteMem(0x2004B820, 0xBE0 Bytes, ...)
T0DFC 002:892.915   Data:  88 00 22 40 00 00 00 00 9C 00 22 40 00 00 00 00 ...
T0DFC 002:892.940   completely In flash
T0DFC 002:892.963 - 0.069ms returns 0xBE0
T0DFC 002:893.161 JLINK_WriteMem(0x2004C400, 0xBE0 Bytes, ...)
T0DFC 002:893.189   Data:  00 00 00 00 00 00 00 00 00 00 00 00 00 00 00 00 ...
T0DFC 002:893.214   completely In flash
T0DFC 002:893.239 - 0.077ms returns 0xBE0
T0DFC 002:893.444 JLINK_WriteMem(0x2004CFE0, 0xBE0 Bytes, ...)
T0DFC 002:893.469   Data:  D0 CD 22 40 00 00 00 00 D0 CD 22 40 00 00 00 00 ...
T0DFC 002:893.494   completely In flash
T0DFC 002:893.518 - 0.074ms returns 0xBE0
T0DFC 002:893.736 JLINK_WriteMem(0x2004DBC0, 0xBE0 Bytes, ...)
T0DFC 002:893.764   Data:  68 1E 22 40 00 00 00 00 68 1E 22 40 00 00 00 00 ...
T0DFC 002:893.789   completely In flash
T0DFC 002:893.813 - 0.076ms returns 0xBE0
T0DFC 002:894.124 JLINK_WriteMem(0x2004E7A0, 0xBE0 Bytes, ...)
T0DFC 002:894.181   Data:  00 00 00 00 00 00 00 00 00 00 00 00 00 00 00 00 ...
T0DFC 002:894.209   completely In flash
T0DFC 002:894.237 - 0.113ms returns 0xBE0
T0DFC 002:894.446 JLINK_WriteMem(0x2004F380, 0x378 Bytes, ...)
T0DFC 002:894.477   Data:  00 00 00 00 00 00 00 00 00 00 00 00 00 00 00 00 ...
T0DFC 002:894.506   completely In flash
T0DFC 002:894.546 - 0.100ms returns 0x378
T0DFC 002:918.842 JLINK_EndDownload()
T0DFC 002:919.187    -- --------------------------------------
T0DFC 002:919.253    -- Flash bank @ 0x20000000: Default: L2 verify disabled because algorithm performs L1 verify
T0DFC 002:919.280    -- Start of determining dirty areas in flash cache
T0DFC 002:919.315    -- Filling invalid ranges in sector buffer (flash cache) for sector @ 0x20000000 if necessary
T0DFC 002:919.352    -- Filling invalid ranges in sector buffer (flash cache) for sector @ 0x20020000 if necessary
T0DFC 002:919.378    -- Filling invalid ranges in sector buffer (flash cache) for sector @ 0x20030000 if necessary
T0DFC 002:919.402    -- Filling invalid ranges in sector buffer (flash cache) for sector @ 0x20040000 if necessary
T0DFC 002:921.816    -- End of determining dirty areas
T0DFC 002:921.884    -- Start of preparing flash programming
T0DFC 002:921.914    -- Calculating RAM usage
T0DFC 002:922.024    -- RAM usage = 20656 Bytes
T0DFC 002:922.048    -- Preserving CPU registers
T0DFC 002:922.099    -- Preparing target
T0DFC 002:922.125    -- Preserving target RAM temporarily used for programming
T0DFC 003:347.041    -- Downloading RAMCode
T0DFC 003:431.340    -- Preparing RAMCode
T0DFC 003:446.006    -- End of preparing flash programming
T0DFC 003:446.109    -- CPU speed could not be measured.
T0DFC 003:446.134    -- Start of comparing flash
T0DFC 003:446.156    -- CRC check was estimated as fastest method
T0DFC 003:446.180    -- Comparing range 0x20000000 - 0x2000FFFF (1 Sector, 64 KB), using single-block CRC calculation
T0DFC 003:552.548    -- CRC matches
T0DFC 003:552.616    -- Comparing range 0x20020000 - 0x2003FFFF (2 Sectors, 128 KB), using single-block CRC calculation
T0DFC 003:755.020    -- CRC does not match, checking individual sectors
T0DFC 003:860.861    -- CRC does not match for sector 2
T0DFC 003:967.427    -- CRC does not match for sector 3
T0DFC 003:967.700    -- Comparing range 0x20040000 - 0x2004FFFF (1 Sector, 64 KB), using single-block CRC calculation
T0DFC 004:074.272    -- CRC does not match for sector 4
T0DFC 004:074.399    -- Comparing range 0x20000000 - 0x2000FFFF (1 Sector, 64 KB), using alternative single-block CRC calculation
T0DFC 004:180.402    -- CRC matches
T0DFC 004:180.466    -- End of comparing flash
T0DFC 004:180.492    -- Start of erasing sectors
T0DFC 004:180.519    -- Erasing range 0x20020000 - 0x2003FFFF (  2 Sectors, 128 KB)
T0DFC 004:776.637    -- Erasing range 0x20040000 - 0x2004FFFF (  1 Sector, 64 KB)
T0DFC 005:081.816    -- End of erasing sectors
T0DFC 005:081.900    -- Start of flash programming
T0DFC 005:081.933    -- Programming range 0x20020000 - 0x2002FFFF (  1 Sector, 64 KB)
T0DFC 005:685.266    -- Programming range 0x20030000 - 0x2003FFFF (  1 Sector, 64 KB)
T0DFC 006:287.039    -- Programming range 0x20040000 - 0x2004FFFF (  1 Sector, 64 KB)
T0DFC 006:887.773    -- End of flash programming
T0DFC 006:887.852    -- 0x20020000 - 0x2004FFFF (  3 Sectors, 192 KB)
T0DFC 006:887.875    -- Start of restoring
T0DFC 006:887.899    -- Restoring RAMCode
T0DFC 006:897.053    -- Restoring target memory
T0DFC 006:992.514    -- Restore target
T0DFC 006:992.692    -- Restoring CPU registers
T0DFC 006:992.806    -- End of restoring
T0DFC 006:992.879    -- Bank 0 @ 0x20000000: 1 range affected (196608 bytes)
T0DFC 006:992.955    -- Total: 4.070s (Prepare: 0.524s, Compare: 0.734s, Erase: 0.901s, Program & Verify: 1.805s, Restore: 0.104s)
T0DFC 006:993.025    -- Program & Verify speed: 105 KB/s
T0DFC 006:993.682 - 4074.838ms returns 196608 (0x30000)
T0DFC 006:996.209 JLINK_WriteRegs_64(NumRegs = 1, Indexes: 
T0DFC 006:996.329   33)
T0DFC 006:996.397    -- PC=0x20000000
T0DFC 006:996.459 - 0.250ms returns 0
T0DFC 006:996.514 JLINK_WriteRegs_64(NumRegs = 1, Indexes: 
T0DFC 006:996.570   33)
T0DFC 006:996.653    -- PC=0x20020000
T0DFC 006:996.715 - 0.200ms returns 0
T0DFC 006:998.160 JLINK_ResetPullsRESET(ON)
T0DFC 006:998.313 - 0.153ms
T0DFC 006:998.375 JLINK_Halt()
T0DFC 006:998.445 - 0.068ms returns 0x00
T0DFC 006:998.500 JLINK_IsHalted()
T0DFC 006:998.539 - 0.038ms returns TRUE
T0DFC 006:998.580 JLINK_Reset()
T0DFC 006:998.633   JLINK_GetResetTypeDesc
T0DFC 006:998.677   - 0.044ms
T0DFC 006:998.722   Reset type: NORMAL (https://wiki.segger.com/J-Link_Reset_Strategies)
T0DFC 007:121.373   Reset confused the core.
T0DFC 007:122.665   Disabled core power domain detected.
T0DFC 007:124.785   
  ***** Warning: 
T0DFC 007:124.925   CPU not halted after Reset, halting using Halt request
T0DFC 007:144.956 - 146.375ms
T0DFC 007:145.106 JLINK_SetEndian(ARM_ENDIAN_LITTLE)
T0DFC 007:145.145 - 0.038ms returns 0
T0DFC 007:172.117 JLINK_ReadMem(0x20020000, 0x40 Bytes, ...)
T0DFC 007:172.214    -- Read from flash cache (64 bytes @ 0x20020000)
T0DFC 007:172.256   Data:  00 00 20 40 00 00 00 00 FF FF DF BF FF FF FF FF ...
T0DFC 007:172.296 - 0.178ms returns 0
T0DFC 007:176.299 JLINK_ReadMem(0x20020000, 0x40 Bytes, ...)
T0DFC 007:176.505    -- Read from flash cache (64 bytes @ 0x20020000)
T0DFC 007:176.548   Data:  00 00 20 40 00 00 00 00 FF FF DF BF FF FF FF FF ...
T0DFC 007:176.597 - 0.299ms returns 0
T0DFC 007:366.699 JLINK_GetNumBPUnits(Type = 0xFFFFFF00)
T0DFC 007:366.824 - 0.125ms returns 0x06
T0DFC 007:366.844 JLINK_GetNumWPUnits()
T0DFC 007:366.861 - 0.016ms returns 4
T0DFC 007:366.878 JLINK_GetNumWPUnits()
T0DFC 007:366.894 - 0.016ms returns 4
T0DFC 007:366.921 JLINK_GetNumBPUnits(Type = 0xFFFFFF00)
T0DFC 007:366.938 - 0.017ms returns 0x06
T0DFC 007:366.955 JLINK_GetNumWPUnits()
T0DFC 007:366.973 - 0.017ms returns 4
T0DFC 007:366.990 JLINK_GetNumWPUnits()
T0DFC 007:367.007 - 0.017ms returns 4
T0DFC 007:367.028 JLINK_GetNumBPUnits(Type = 0xFFFFFF00)
T0DFC 007:367.052 - 0.024ms returns 0x06
T0DFC 007:367.073 JLINK_GetNumWPUnits()
T0DFC 007:367.091 - 0.018ms returns 4
T0DFC 007:367.109 JLINK_GetNumWPUnits()
T0DFC 007:367.125 - 0.016ms returns 4
T0DFC 007:367.196 JLINK_SetBPEx(Addr = 0x40204C78, Type = 0xFFFFFF00)
T0DFC 007:367.252 - 0.056ms returns 0x00000001
T0DFC 007:367.278 JLINK_ClrBPEx(BPHandle = 0x00000001)
T0DFC 007:367.304 - 0.025ms returns 0x00
T0DFC 007:439.779 JLINK_SetBPEx(Addr = 0x40204C80, Type = 0xFFFFFF00)
T0DFC 007:439.927 - 0.132ms returns 0x00000002
T0DFC 008:766.224 JLINK_ReadRegs_64(NumRegs = 49, Indexes: 
T0DFC 008:766.302   0, 
T0DFC 008:766.346   1, 
T0DFC 008:766.386   2, 
T0DFC 008:766.425   3, 
T0DFC 008:766.462   4, 
T0DFC 008:766.500   5, 
T0DFC 008:766.538   6, 
T0DFC 008:766.577   7, 
T0DFC 008:766.611   8, 
T0DFC 008:766.648   9, 
T0DFC 008:766.687   10, 
T0DFC 008:766.725   11, 
T0DFC 008:766.771   12, 
T0DFC 008:766.810   13, 
T0DFC 008:766.844   14, 
T0DFC 008:766.991   15, 
T0DFC 008:767.031   16, 
T0DFC 008:767.070   17, 
T0DFC 008:767.108   18, 
T0DFC 008:767.298   19, 
T0DFC 008:767.339   20, 
T0DFC 008:767.442   21, 
T0DFC 008:767.484   22, 
T0DFC 008:767.523   23, 
T0DFC 008:767.566   24, 
T0DFC 008:767.604   25, 
T0DFC 008:767.647   26, 
T0DFC 008:767.693   27, 
T0DFC 008:767.782   28, 
T0DFC 008:767.822   29, 
T0DFC 008:767.881   30, 
T0DFC 008:767.921   31, 
T0DFC 008:767.963   32, 
T0DFC 008:768.007   33, 
T0DFC 008:768.050   34, 
T0DFC 008:768.096   35, 
T0DFC 008:768.135   36, 
T0DFC 008:768.174   37, 
T0DFC 008:768.213   38, 
T0DFC 008:768.251   39, 
T0DFC 008:768.288   40, 
T0DFC 008:768.479   41, 
T0DFC 008:768.526   42, 
T0DFC 008:768.570   43, 
T0DFC 008:768.613   44, 
T0DFC 008:768.654   45, 
T0DFC 008:768.693   46, 
T0DFC 008:768.733   47, 
T0DFC 008:768.770   48)
T0DFC 008:768.838   
 -- R0=0xFEDFFFFF, R1=0x00, R2=0x00, R3=0x00, R4=0x9EC596, R5=0x204, R6=0x3FFFFFFF, R7=0x03, R8=0x01, R9=0x01, R10=0x1006000C, R11=0x00, R12=0x2000, R13=0x00, R14=0x00, R15=0x00, R16=0x00, R17=0x00, R18=0x00, R19=0x04, R20=0x00, R21=0x00, R22=0x00, R23=0x00, R24=0x00, R25=0x00, R26=0x00, R27=0x00, R28=0x00, R29=0x00, R30=0x11EC, R31=0x00, SP=0x2FFC0, PC=0x1202C, ELR_EL1=0x00, ELR_EL2=0x00, ELR_EL3=0x00, SP_EL0=0x00, SP_EL1=0x00, SP_EL2=0x00, SP_EL3=0x2FFC0, CPSR=0x800003CD, SPSR_abt=0xFEDFDFFF, SPSR_EL1=0xFEFFFFFF, SPSR_EL2=0xEEFFFFFE, SPSR_EL3=0x1CD, SPSR_fiq=0xFEDFFBFF, SPSR_irq=0xE6DFFFFF, SPSR_und=0xFEDFFFFF

T0DFC 008:768.980 - 2.757ms returns 0
T0DFC 008:772.179 JLINK_ReadMem(0x0001202C, 0x4 Bytes, ...)
T0DFC 008:772.277   CPU_ReadMem(64 bytes @ 0x00012000)
T0DFC 008:774.562    -- Updating C cache (64 bytes @ 0x00012000)
T0DFC 008:774.645    -- Read from C cache (4 bytes @ 0x0001202C)
T0DFC 008:774.686   Data:  84 04 00 D1
T0DFC 008:774.725 - 2.547ms returns 0
T0DFC 008:779.173 JLINK_ReadMem(0x0001202C, 0x4 Bytes, ...)
T0DFC 008:779.290    -- Read from C cache (4 bytes @ 0x0001202C)
T0DFC 008:779.333   Data:  84 04 00 D1
T0DFC 008:779.372 - 0.200ms returns 0
T1D6C 008:921.067 JLINK_GetNumBPUnits(Type = 0xFFFFFF00)
T1D6C 008:921.132 - 0.065ms returns 0x06
T1D6C 008:921.153 JLINK_GetNumWPUnits()
T1D6C 008:921.171 - 0.018ms returns 4
T1D6C 008:921.190 JLINK_GetNumWPUnits()
T1D6C 008:921.209 - 0.018ms returns 4
T1D6C 008:921.526 JLINK_GetNumBPUnits(Type = 0xFFFFFF00)
T1D6C 008:921.580 - 0.054ms returns 0x06
T1D6C 008:921.610 JLINK_GetNumWPUnits()
T1D6C 008:921.638 - 0.027ms returns 4
T1D6C 008:921.666 JLINK_GetNumWPUnits()
T1D6C 008:921.695 - 0.028ms returns 4
T1D6C 008:922.380 JLINK_GetNumBPUnits(Type = 0xFFFFFF00)
T1D6C 008:922.441 - 0.061ms returns 0x06
T1D6C 008:922.466 JLINK_GetNumWPUnits()
T1D6C 008:922.484 - 0.018ms returns 4
T1D6C 008:922.503 JLINK_GetNumWPUnits()
T1D6C 008:922.521 - 0.017ms returns 4
T1D6C 008:922.855 JLINK_GetNumBPUnits(Type = 0xFFFFFF00)
T1D6C 008:922.894 - 0.039ms returns 0x06
T1D6C 008:922.916 JLINK_GetNumWPUnits()
T1D6C 008:922.936 - 0.020ms returns 4
T1D6C 008:922.956 JLINK_GetNumWPUnits()
T1D6C 008:922.974 - 0.019ms returns 4
T1D6C 008:923.126 JLINK_GetNumBPUnits(Type = 0xFFFFFF00)
T1D6C 008:923.154 - 0.027ms returns 0x06
T1D6C 008:923.174 JLINK_GetNumWPUnits()
T1D6C 008:923.212 - 0.038ms returns 4
T1D6C 008:923.239 JLINK_GetNumWPUnits()
T1D6C 008:923.265 - 0.025ms returns 4
T1D6C 008:923.413 JLINK_GetNumBPUnits(Type = 0xFFFFFF00)
T1D6C 008:923.446 - 0.032ms returns 0x06
T1D6C 008:923.474 JLINK_GetNumWPUnits()
T1D6C 008:923.494 - 0.019ms returns 4
T1D6C 008:923.513 JLINK_GetNumWPUnits()
T1D6C 008:923.531 - 0.018ms returns 4
T1D6C 008:923.682 JLINK_GetNumBPUnits(Type = 0xFFFFFF00)
T1D6C 008:923.716 - 0.034ms returns 0x06
T1D6C 008:923.735 JLINK_GetNumWPUnits()
T1D6C 008:923.754 - 0.017ms returns 4
T1D6C 008:923.771 JLINK_GetNumWPUnits()
T1D6C 008:923.789 - 0.017ms returns 4
T1D6C 008:923.983 JLINK_GetNumBPUnits(Type = 0xFFFFFF00)
T1D6C 008:924.024 - 0.040ms returns 0x06
T1D6C 008:924.050 JLINK_GetNumWPUnits()
T1D6C 008:924.074 - 0.025ms returns 4
T1D6C 008:924.102 JLINK_GetNumWPUnits()
T1D6C 008:924.127 - 0.025ms returns 4
T0DFC 008:983.388 JLINK_ReadMem(0x0001202C, 0x4 Bytes, ...)
T0DFC 008:983.500    -- Read from C cache (4 bytes @ 0x0001202C)
T0DFC 008:983.560   Data:  84 04 00 D1
T0DFC 008:983.598 - 0.212ms returns 0
T0DFC 014:107.568 JLINK_STRACE_Read(..., NumItems = 0x10000)
T0DFC 014:107.739   Initializing trace type buffer with configured Coresight trace components (* indicates set/detected address):
T0DFC 014:107.776    *TF:   0x10C40000
T0DFC 014:107.894    *TMC:  0x10C20000
T0DFC 014:107.917    *ETB:  0x10C30000
T0DFC 014:107.933     MTB:  0x00000000
T0DFC 014:107.947     TPIU: 0x00000000
T0DFC 014:107.963     ETM:  0x00000000
T0DFC 014:107.978     STM:  0x00000000
T0DFC 014:107.992     PTM:  0x00000000
T0DFC 014:108.008   
  ***** Warning: 
T0DFC 014:108.038   Required trace components for buffer trace not found!
Details see https://wiki.segger.com/Arm_trace_technical_specification#Required_trace_components
T0DFC 014:108.490   Looking for J-Link GUI Server exe at: C:\Users\a5134593\.eclipse\com.renesas.platform_301333723\DebugComp\RZ\ARM\Segger_v8.10.1\JLinkGUIServer.exe
T0DFC 014:108.696   Looking for J-Link GUI Server exe at: C:\Program Files (x86)\SEGGER\JLink\\JLinkGUIServer.exe
T0DFC 014:418.211   Failed to connect to J-Link GUI Server.
T0DFC 014:418.402 - 310.833ms NumItemsRead = 0xFFFFFFFF
T0DFC 014:418.499 JLINK_IsHalted()
T0DFC 014:419.123 - 0.622ms returns TRUE
T0DFC 014:419.267 JLINK_STRACE_Read(..., NumItems = 0x10000)
T0DFC 014:419.346 - 0.077ms NumItemsRead = 0x00
T0DFC 014:419.408 JLINK_GoEx(MaxEmulInsts = 0, Flags = 0x01)
T0DFC 014:424.952   Memory map 'after startup completion point' is active
T0DFC 014:425.120 - 5.712ms
T0DFC 014:532.226 JLINK_IsHalted()
T0DFC 014:532.661 - 0.434ms returns FALSE
T0DFC 014:532.699 JLINK_IsHalted()
T0DFC 014:533.136 - 0.436ms returns FALSE
T0DFC 014:642.531 JLINK_IsHalted()
T0DFC 014:651.397 - 8.864ms returns TRUE
T0DFC 014:651.528 JLINK_ReadRegs_64(NumRegs = 1, Indexes: 
T0DFC 014:651.558   33)
T0DFC 014:651.608    -- PC=0x40204C80
T0DFC 014:651.653 - 0.126ms returns 0
T0DFC 014:651.693 JLINK_ReadRegs_64(NumRegs = 1, Indexes: 
T0DFC 014:651.723   41)
T0DFC 014:651.770    -- CPSR=0x6000000D
T0DFC 014:651.814 - 0.121ms returns 0
T0DFC 014:651.846 JLINK_ReadRegs_64(NumRegs = 1, Indexes: 
T0DFC 014:651.878   33)
T0DFC 014:651.923    -- PC=0x40204C80
T0DFC 014:651.968 - 0.120ms returns 0
T0DFC 014:652.000 JLINK_ReadRegs_64(NumRegs = 1, Indexes: 
T0DFC 014:652.034   41)
T0DFC 014:652.080    -- CPSR=0x6000000D
T0DFC 014:652.125 - 0.124ms returns 0
T0DFC 014:652.157 JLINK_IsHalted()
T0DFC 014:652.187 - 0.030ms returns TRUE
T0DFC 014:652.219 JLINK_ReadRegs_64(NumRegs = 1, Indexes: 
T0DFC 014:652.248   41)
T0DFC 014:652.294    -- CPSR=0x6000000D
T0DFC 014:652.339 - 0.119ms returns 0
T0DFC 014:652.376 JLINK_ReadRegs_64(NumRegs = 1, Indexes: 
T0DFC 014:652.406   33)
T0DFC 014:652.451    -- PC=0x40204C80
T0DFC 014:652.496 - 0.120ms returns 0
T0DFC 014:652.530 JLINK_ReadRegs_64(NumRegs = 1, Indexes: 
T0DFC 014:652.560   41)
T0DFC 014:652.605    -- CPSR=0x6000000D
T0DFC 014:652.648 - 0.119ms returns 0
T0DFC 014:652.770 JLINK_IsHalted()
T0DFC 014:652.805 - 0.035ms returns TRUE
T0DFC 014:652.837 JLINK_ReadRegs_64(NumRegs = 1, Indexes: 
T0DFC 014:652.867   33)
T0DFC 014:652.912    -- PC=0x40204C80
T0DFC 014:652.957 - 0.120ms returns 0
T0DFC 014:652.990 JLINK_ReadRegs_64(NumRegs = 1, Indexes: 
T0DFC 014:653.019   41)
T0DFC 014:653.066    -- CPSR=0x6000000D
T0DFC 014:653.110 - 0.120ms returns 0
T0DFC 014:653.142 JLINK_ReadRegs_64(NumRegs = 1, Indexes: 
T0DFC 014:653.173   33)
T0DFC 014:653.218    -- PC=0x40204C80
T0DFC 014:653.261 - 0.120ms returns 0
T0DFC 014:653.294 JLINK_ReadRegs_64(NumRegs = 1, Indexes: 
T0DFC 014:653.325   41)
T0DFC 014:653.373    -- CPSR=0x6000000D
T0DFC 014:653.414 - 0.119ms returns 0
T0DFC 014:653.443 JLINK_IsHalted()
T0DFC 014:653.470 - 0.027ms returns TRUE
T0DFC 014:653.499 JLINK_ReadRegs_64(NumRegs = 1, Indexes: 
T0DFC 014:653.526   41)
T0DFC 014:653.568    -- CPSR=0x6000000D
T0DFC 014:653.608 - 0.109ms returns 0
T0DFC 014:653.637 JLINK_ReadRegs_64(NumRegs = 1, Indexes: 
T0DFC 014:653.664   33)
T0DFC 014:653.704    -- PC=0x40204C80
T0DFC 014:653.746 - 0.108ms returns 0
T0DFC 014:653.774 JLINK_ReadRegs_64(NumRegs = 1, Indexes: 
T0DFC 014:653.802   41)
T0DFC 014:653.842    -- CPSR=0x6000000D
T0DFC 014:653.883 - 0.108ms returns 0
T0DFC 014:655.008 JLINK_ReadRegs_64(NumRegs = 49, Indexes: 
T0DFC 014:655.069   0, 
T0DFC 014:655.110   1, 
T0DFC 014:655.150   2, 
T0DFC 014:655.190   3, 
T0DFC 014:655.230   4, 
T0DFC 014:655.270   5, 
T0DFC 014:655.310   6, 
T0DFC 014:655.357   7, 
T0DFC 014:655.397   8, 
T0DFC 014:655.437   9, 
T0DFC 014:655.478   10, 
T0DFC 014:655.518   11, 
T0DFC 014:655.558   12, 
T0DFC 014:655.598   13, 
T0DFC 014:655.638   14, 
T0DFC 014:655.678   15, 
T0DFC 014:655.718   16, 
T0DFC 014:655.758   17, 
T0DFC 014:655.798   18, 
T0DFC 014:655.838   19, 
T0DFC 014:655.878   20, 
T0DFC 014:655.918   21, 
T0DFC 014:655.958   22, 
T0DFC 014:655.998   23, 
T0DFC 014:656.040   24, 
T0DFC 014:656.080   25, 
T0DFC 014:656.120   26, 
T0DFC 014:656.160   27, 
T0DFC 014:656.200   28, 
T0DFC 014:656.240   29, 
T0DFC 014:656.280   30, 
T0DFC 014:656.320   31, 
T0DFC 014:656.365   32, 
T0DFC 014:656.405   33, 
T0DFC 014:656.445   34, 
T0DFC 014:656.488   35, 
T0DFC 014:656.515   36, 
T0DFC 014:656.542   37, 
T0DFC 014:656.568   38, 
T0DFC 014:656.595   39, 
T0DFC 014:656.622   40, 
T0DFC 014:656.650   41, 
T0DFC 014:656.677   42, 
T0DFC 014:656.702   43, 
T0DFC 014:656.730   44, 
T0DFC 014:656.757   45, 
T0DFC 014:656.782   46, 
T0DFC 014:656.810   47, 
T0DFC 014:656.835   48)
T0DFC 014:656.880   
 -- R0=0x401815, R1=0x01, R2=0x00, R3=0xFFFFFFFFFFFFFFFF, R4=0x40203080, R5=0x00, R6=0x00, R7=0xFFFFFFC0, R8=0x01, R9=0xFFFFFFFFF0000000, R10=0x04, R11=0x02, R12=0xB8, R13=0x80000014, R14=0x1006007C, R15=0x04, R16=0x10000000, R17=0x40, R18=0x1B618, R19=0x12064, R20=0x1A030, R21=0x00, R22=0x00, R23=0x00, R24=0x00, R25=0x00, R26=0x00, R27=0x00, R28=0x00, R29=0x402314B0, R30=0x40202D50, R31=0x00, SP=0x402314B0, PC=0x40204C80, ELR_EL1=0x00, ELR_EL2=0x00, ELR_EL3=0x40200000, SP_EL0=0x1B680, SP_EL1=0x00, SP_EL2=0x00, SP_EL3=0x402314B0, CPSR=0x6000000D, SPSR_abt=0xFEDFDFFF, SPSR_EL1=0xFEFFFFFF, SPSR_EL2=0xEEFFFFFE, SPSR_EL3=0x3CD, SPSR_fiq=0xFEDFFBFF, SPSR_irq=0xE6DFFFFF, SPSR_und=0xFEDFFFFF

T0DFC 014:656.930 - 1.922ms returns 0
T0DFC 014:658.286 JLINK_ReadMem(0x40204C80, 0x4 Bytes, ...)
T0DFC 014:658.350   CPU_ReadMem(64 bytes @ 0x40204C80)
T0DFC 014:660.821    -- Updating DA cache (64 bytes @ 0x40204C80)
T0DFC 014:660.917    -- Read from DA cache (4 bytes @ 0x40204C80)
T0DFC 014:660.939   Data:  B4 03 00 94
T0DFC 014:660.962 - 2.675ms returns 0
T0DFC 014:663.466 JLINK_ClrBPEx(BPHandle = 0x00000002)
T0DFC 014:663.568 - 0.098ms returns 0x00
T0DFC 014:681.262 JLINK_ReadMem(0x40204C80, 0x4 Bytes, ...)
T0DFC 014:681.456    -- Read from DA cache (4 bytes @ 0x40204C80)
T0DFC 014:681.530   Data:  B4 03 00 94
T0DFC 014:681.597 - 0.335ms returns 0
T0DFC 015:830.957 JLINK_STRACE_Read(..., NumItems = 0x10000)
T0DFC 015:831.026 - 0.069ms NumItemsRead = 0x00
T0DFC 015:831.046 JLINK_IsHalted()
T0DFC 015:831.410 - 0.361ms returns TRUE
T0DFC 015:831.485 JLINK_STRACE_Read(..., NumItems = 0x10000)
T0DFC 015:831.509 - 0.024ms NumItemsRead = 0x00
T0DFC 015:831.550 JLINK_GoEx(MaxEmulInsts = 0, Flags = 0x01)
T0DFC 015:835.698 - 4.146ms
T0DFC 015:938.621 JLINK_IsHalted()
T0DFC 015:939.234 - 0.611ms returns FALSE
T0DFC 015:939.298 JLINK_IsHalted()
T0DFC 015:939.824 - 0.525ms returns FALSE
T0DFC 016:048.720 JLINK_IsHalted()
T0DFC 016:049.310 - 0.588ms returns FALSE
T0DFC 016:049.347 JLINK_IsHalted()
T0DFC 016:049.830 - 0.482ms returns FALSE
T0DFC 016:157.837 JLINK_IsHalted()
T0DFC 016:158.477 - 0.639ms returns FALSE
T0DFC 016:158.526 JLINK_IsHalted()
T0DFC 016:159.013 - 0.486ms returns FALSE
T0DFC 016:267.427 JLINK_IsHalted()
T0DFC 016:267.805 - 0.377ms returns FALSE
T0DFC 016:267.832 JLINK_IsHalted()
T0DFC 016:268.134 - 0.301ms returns FALSE
T0DFC 016:376.285 JLINK_IsHalted()
T0DFC 016:377.064 - 0.778ms returns FALSE
T0DFC 016:377.178 JLINK_IsHalted()
T0DFC 016:377.738 - 0.558ms returns FALSE
T0DFC 016:485.547 JLINK_IsHalted()
T0DFC 016:486.306 - 0.757ms returns FALSE
T0DFC 016:486.406 JLINK_IsHalted()
T0DFC 016:486.966 - 0.558ms returns FALSE
T0DFC 016:595.706 JLINK_IsHalted()
T0DFC 016:596.539 - 0.831ms returns FALSE
T0DFC 016:596.669 JLINK_IsHalted()
T0DFC 016:597.266 - 0.596ms returns FALSE
T0DFC 016:704.896 JLINK_IsHalted()
T0DFC 016:705.704 - 0.807ms returns FALSE
T0DFC 016:705.829 JLINK_IsHalted()
T0DFC 016:706.379 - 0.549ms returns FALSE
T0DFC 016:814.460 JLINK_IsHalted()
T0DFC 016:815.188 - 0.725ms returns FALSE
T0DFC 016:815.320 JLINK_IsHalted()
T0DFC 016:816.022 - 0.702ms returns FALSE
T1D6C 016:832.652 JLINK_IsHalted()
T1D6C 016:833.244 - 0.592ms returns FALSE
T1D6C 016:833.310 JLINK_IsHalted()
T1D6C 016:833.754 - 0.443ms returns FALSE
T0DFC 016:923.238 JLINK_IsHalted()
T0DFC 016:923.960 - 0.720ms returns FALSE
T0DFC 016:924.070 JLINK_IsHalted()
T0DFC 016:924.704 - 0.631ms returns FALSE
T0DFC 017:033.142 JLINK_IsHalted()
T0DFC 017:033.962 - 0.819ms returns FALSE
T0DFC 017:034.078 JLINK_IsHalted()
T0DFC 017:034.776 - 0.696ms returns FALSE
T0DFC 017:142.274 JLINK_IsHalted()
T0DFC 017:143.132 - 0.858ms returns FALSE
T0DFC 017:143.292 JLINK_IsHalted()
T0DFC 017:143.836 - 0.542ms returns FALSE
T0DFC 017:251.424 JLINK_IsHalted()
T0DFC 017:252.000 - 0.575ms returns FALSE
T0DFC 017:252.078 JLINK_IsHalted()
T0DFC 017:252.604 - 0.525ms returns FALSE
T0DFC 017:360.470 JLINK_IsHalted()
T0DFC 017:361.182 - 0.710ms returns FALSE
T0DFC 017:361.294 JLINK_IsHalted()
T0DFC 017:361.850 - 0.553ms returns FALSE
T0DFC 017:470.404 JLINK_IsHalted()
T0DFC 017:471.116 - 0.710ms returns FALSE
T0DFC 017:471.228 JLINK_IsHalted()
T0DFC 017:471.876 - 0.646ms returns FALSE
T0DFC 017:579.754 JLINK_IsHalted()
T0DFC 017:580.446 - 0.692ms returns FALSE
T0DFC 017:580.572 JLINK_IsHalted()
T0DFC 017:581.138 - 0.565ms returns FALSE
T0DFC 017:688.872 JLINK_IsHalted()
T0DFC 017:689.548 - 0.675ms returns FALSE
T0DFC 017:689.622 JLINK_IsHalted()
T0DFC 017:690.242 - 0.616ms returns FALSE
T0DFC 017:798.524 JLINK_IsHalted()
T0DFC 017:799.084 - 0.560ms returns FALSE
T0DFC 017:799.146 JLINK_IsHalted()
T0DFC 017:799.624 - 0.477ms returns FALSE
T1D6C 017:834.422 JLINK_IsHalted()
T1D6C 017:834.980 - 0.556ms returns FALSE
T1D6C 017:835.036 JLINK_IsHalted()
T1D6C 017:835.658 - 0.621ms returns FALSE
T0DFC 017:908.158 JLINK_IsHalted()
T0DFC 017:908.920 - 0.761ms returns FALSE
T0DFC 017:909.042 JLINK_IsHalted()
T0DFC 017:909.700 - 0.658ms returns FALSE
T0DFC 018:017.108 JLINK_IsHalted()
T0DFC 018:017.590 - 0.483ms returns FALSE
T0DFC 018:017.636 JLINK_IsHalted()
T0DFC 018:018.048 - 0.412ms returns FALSE
T0DFC 018:126.200 JLINK_IsHalted()
T0DFC 018:127.004 - 0.805ms returns FALSE
T0DFC 018:127.084 JLINK_IsHalted()
T0DFC 018:127.742 - 0.655ms returns FALSE
T0DFC 018:236.214 JLINK_IsHalted()
T0DFC 018:236.968 - 0.751ms returns FALSE
T0DFC 018:237.098 JLINK_IsHalted()
T0DFC 018:237.656 - 0.556ms returns FALSE
T0DFC 018:345.478 JLINK_IsHalted()
T0DFC 018:346.108 - 0.629ms returns FALSE
T0DFC 018:346.220 JLINK_IsHalted()
T0DFC 018:346.632 - 0.412ms returns FALSE
T0DFC 018:454.262 JLINK_IsHalted()
T0DFC 018:454.914 - 0.650ms returns FALSE
T0DFC 018:455.004 JLINK_IsHalted()
T0DFC 018:455.634 - 0.628ms returns FALSE
T0DFC 018:564.396 JLINK_IsHalted()
T0DFC 018:565.148 - 0.751ms returns FALSE
T0DFC 018:565.276 JLINK_IsHalted()
T0DFC 018:565.892 - 0.617ms returns FALSE
T0DFC 018:673.104 JLINK_IsHalted()
T0DFC 018:673.828 - 0.723ms returns FALSE
T0DFC 018:673.952 JLINK_IsHalted()
T0DFC 018:674.666 - 0.711ms returns FALSE
T0DFC 018:782.814 JLINK_IsHalted()
T0DFC 018:783.542 - 0.727ms returns FALSE
T0DFC 018:783.650 JLINK_IsHalted()
T0DFC 018:784.348 - 0.696ms returns FALSE
T1D6C 018:837.450 JLINK_IsHalted()
T1D6C 018:838.116 - 0.665ms returns FALSE
T1D6C 018:838.276 JLINK_IsHalted()
T1D6C 018:838.908 - 0.630ms returns FALSE
T0DFC 018:892.340 JLINK_IsHalted()
T0DFC 018:893.174 - 0.833ms returns FALSE
T0DFC 018:893.300 JLINK_IsHalted()
T0DFC 018:893.998 - 0.695ms returns FALSE
T0DFC 019:001.596 JLINK_IsHalted()
T0DFC 019:002.412 - 0.814ms returns FALSE
T0DFC 019:002.538 JLINK_IsHalted()
T0DFC 019:003.312 - 0.773ms returns FALSE
T0DFC 019:111.238 JLINK_IsHalted()
T0DFC 019:111.978 - 0.738ms returns FALSE
T0DFC 019:112.126 JLINK_IsHalted()
T0DFC 019:112.780 - 0.653ms returns FALSE
T0DFC 019:220.154 JLINK_IsHalted()
T0DFC 019:220.800 - 0.645ms returns FALSE
T0DFC 019:220.922 JLINK_IsHalted()
T0DFC 019:221.562 - 0.638ms returns FALSE
T0DFC 019:329.622 JLINK_IsHalted()
T0DFC 019:330.084 - 0.459ms returns FALSE
T0DFC 019:330.142 JLINK_IsHalted()
T0DFC 019:330.588 - 0.445ms returns FALSE
T0DFC 019:439.308 JLINK_IsHalted()
T0DFC 019:439.858 - 0.550ms returns FALSE
T0DFC 019:439.894 JLINK_IsHalted()
T0DFC 019:440.460 - 0.565ms returns FALSE
T0DFC 019:548.274 JLINK_IsHalted()
T0DFC 019:548.856 - 0.582ms returns FALSE
T0DFC 019:548.884 JLINK_IsHalted()
T0DFC 019:549.280 - 0.396ms returns FALSE
T0DFC 019:657.802 JLINK_IsHalted()
T0DFC 019:658.386 - 0.583ms returns FALSE
T0DFC 019:658.420 JLINK_IsHalted()
T0DFC 019:658.926 - 0.504ms returns FALSE
T0DFC 019:766.748 JLINK_IsHalted()
T0DFC 019:767.206 - 0.458ms returns FALSE
T0DFC 019:767.252 JLINK_IsHalted()
T0DFC 019:767.650 - 0.395ms returns FALSE
T1D6C 019:839.708 JLINK_IsHalted()
T1D6C 019:840.108 - 0.400ms returns FALSE
T1D6C 019:840.164 JLINK_IsHalted()
T1D6C 019:840.560 - 0.394ms returns FALSE
T0DFC 019:876.040 JLINK_IsHalted()
T0DFC 019:876.526 - 0.486ms returns FALSE
T0DFC 019:876.568 JLINK_IsHalted()
T0DFC 019:876.918 - 0.349ms returns FALSE
T0DFC 019:985.832 JLINK_IsHalted()
T0DFC 019:986.340 - 0.508ms returns FALSE
T0DFC 019:986.382 JLINK_IsHalted()
T0DFC 019:986.822 - 0.438ms returns FALSE
T0DFC 020:095.422 JLINK_IsHalted()
T0DFC 020:096.080 - 0.656ms returns FALSE
T0DFC 020:096.172 JLINK_IsHalted()
T0DFC 020:096.788 - 0.616ms returns FALSE
T0DFC 020:204.748 JLINK_IsHalted()
T0DFC 020:205.196 - 0.448ms returns FALSE
T0DFC 020:205.242 JLINK_IsHalted()
T0DFC 020:205.612 - 0.370ms returns FALSE
T0DFC 020:313.980 JLINK_IsHalted()
T0DFC 020:314.434 - 0.453ms returns FALSE
T0DFC 020:314.468 JLINK_IsHalted()
T0DFC 020:314.858 - 0.387ms returns FALSE
T0DFC 020:423.882 JLINK_IsHalted()
T0DFC 020:424.472 - 0.589ms returns FALSE
T0DFC 020:424.506 JLINK_IsHalted()
T0DFC 020:424.952 - 0.446ms returns FALSE
T0DFC 020:532.512 JLINK_IsHalted()
T0DFC 020:533.282 - 0.768ms returns FALSE
T0DFC 020:533.402 JLINK_IsHalted()
T0DFC 020:533.972 - 0.569ms returns FALSE
T0DFC 020:642.418 JLINK_IsHalted()
T0DFC 020:643.186 - 0.767ms returns FALSE
T0DFC 020:643.314 JLINK_IsHalted()
T0DFC 020:643.950 - 0.636ms returns FALSE
T0DFC 020:751.560 JLINK_IsHalted()
T0DFC 020:752.360 - 0.798ms returns FALSE
T0DFC 020:752.482 JLINK_IsHalted()
T0DFC 020:753.140 - 0.657ms returns FALSE
T1D6C 020:841.830 JLINK_IsHalted()
T1D6C 020:842.606 - 0.775ms returns FALSE
T1D6C 020:842.736 JLINK_IsHalted()
T1D6C 020:843.364 - 0.626ms returns FALSE
T0DFC 020:860.612 JLINK_IsHalted()
T0DFC 020:861.428 - 0.815ms returns FALSE
T0DFC 020:861.546 JLINK_IsHalted()
T0DFC 020:862.114 - 0.566ms returns FALSE
T0DFC 020:970.390 JLINK_IsHalted()
T0DFC 020:971.134 - 0.743ms returns FALSE
T0DFC 020:971.252 JLINK_IsHalted()
T0DFC 020:971.816 - 0.562ms returns FALSE
T0DFC 021:079.162 JLINK_IsHalted()
T0DFC 021:079.884 - 0.723ms returns FALSE
T0DFC 021:079.958 JLINK_IsHalted()
T0DFC 021:080.682 - 0.722ms returns FALSE
T0DFC 021:188.798 JLINK_IsHalted()
T0DFC 021:189.740 - 0.940ms returns FALSE
T0DFC 021:189.876 JLINK_IsHalted()
T0DFC 021:190.672 - 0.793ms returns FALSE
T0DFC 021:298.596 JLINK_IsHalted()
T0DFC 021:299.140 - 0.543ms returns FALSE
T0DFC 021:299.182 JLINK_IsHalted()
T0DFC 021:299.518 - 0.335ms returns FALSE
T0DFC 021:407.668 JLINK_IsHalted()
T0DFC 021:408.436 - 0.767ms returns FALSE
T0DFC 021:408.546 JLINK_IsHalted()
T0DFC 021:409.182 - 0.635ms returns FALSE
T0DFC 021:517.006 JLINK_IsHalted()
T0DFC 021:517.740 - 0.731ms returns FALSE
T0DFC 021:517.868 JLINK_IsHalted()
T0DFC 021:518.476 - 0.605ms returns FALSE
T0DFC 021:626.190 JLINK_IsHalted()
T0DFC 021:627.020 - 0.828ms returns FALSE
T0DFC 021:627.138 JLINK_IsHalted()
T0DFC 021:627.772 - 0.632ms returns FALSE
T0DFC 021:735.480 JLINK_IsHalted()
T0DFC 021:736.180 - 0.698ms returns FALSE
T0DFC 021:736.300 JLINK_IsHalted()
T0DFC 021:737.000 - 0.697ms returns FALSE
T1D6C 021:845.152 JLINK_IsHalted()
T1D6C 021:845.756 - 0.602ms returns FALSE
T1D6C 021:845.852 JLINK_IsHalted()
T1D6C 021:846.436 - 0.582ms returns FALSE
T0DFC 021:846.628 JLINK_IsHalted()
T0DFC 021:847.198 - 0.569ms returns FALSE
T0DFC 021:847.270 JLINK_IsHalted()
T0DFC 021:847.812 - 0.542ms returns FALSE
T0DFC 021:954.558 JLINK_IsHalted()
T0DFC 021:955.144 - 0.585ms returns FALSE
T0DFC 021:955.186 JLINK_IsHalted()
T0DFC 021:955.782 - 0.596ms returns FALSE
T0DFC 022:064.416 JLINK_IsHalted()
T0DFC 022:065.158 - 0.741ms returns FALSE
T0DFC 022:065.294 JLINK_IsHalted()
T0DFC 022:065.956 - 0.658ms returns FALSE
T0DFC 022:173.028 JLINK_IsHalted()
T0DFC 022:173.624 - 0.595ms returns FALSE
T0DFC 022:173.712 JLINK_IsHalted()
T0DFC 022:174.300 - 0.587ms returns FALSE
T0DFC 022:282.486 JLINK_IsHalted()
T0DFC 022:282.988 - 0.503ms returns FALSE
T0DFC 022:283.026 JLINK_IsHalted()
T0DFC 022:283.546 - 0.518ms returns FALSE
T0DFC 022:392.012 JLINK_IsHalted()
T0DFC 022:392.726 - 0.714ms returns FALSE
T0DFC 022:392.816 JLINK_IsHalted()
T0DFC 022:393.400 - 0.583ms returns FALSE
T0DFC 022:501.258 JLINK_IsHalted()
T0DFC 022:501.984 - 0.725ms returns FALSE
T0DFC 022:502.106 JLINK_IsHalted()
T0DFC 022:502.828 - 0.721ms returns FALSE
T0DFC 022:610.646 JLINK_IsHalted()
T0DFC 022:611.374 - 0.726ms returns FALSE
T0DFC 022:611.462 JLINK_IsHalted()
T0DFC 022:612.038 - 0.574ms returns FALSE
T0DFC 022:720.034 JLINK_IsHalted()
T0DFC 022:720.814 - 0.779ms returns FALSE
T0DFC 022:720.960 JLINK_IsHalted()
T0DFC 022:721.626 - 0.664ms returns FALSE
T0DFC 022:829.744 JLINK_IsHalted()
T0DFC 022:830.364 - 0.621ms returns FALSE
T0DFC 022:830.404 JLINK_IsHalted()
T0DFC 022:831.024 - 0.620ms returns FALSE
T1D6C 022:847.154 JLINK_IsHalted()
T1D6C 022:847.756 - 0.600ms returns FALSE
T1D6C 022:847.852 JLINK_IsHalted()
T1D6C 022:848.458 - 0.605ms returns FALSE
T0DFC 022:939.222 JLINK_IsHalted()
T0DFC 022:939.902 - 0.678ms returns FALSE
T0DFC 022:940.008 JLINK_IsHalted()
T0DFC 022:940.628 - 0.617ms returns FALSE
T0DFC 023:048.822 JLINK_IsHalted()
T0DFC 023:049.690 - 0.864ms returns FALSE
T0DFC 023:049.806 JLINK_IsHalted()
T0DFC 023:050.486 - 0.678ms returns FALSE
T0DFC 023:158.018 JLINK_IsHalted()
T0DFC 023:158.760 - 0.741ms returns FALSE
T0DFC 023:158.880 JLINK_IsHalted()
T0DFC 023:159.444 - 0.563ms returns FALSE
T0DFC 023:267.362 JLINK_IsHalted()
T0DFC 023:267.958 - 0.595ms returns FALSE
T0DFC 023:268.030 JLINK_IsHalted()
T0DFC 023:268.596 - 0.565ms returns FALSE
T0DFC 023:376.556 JLINK_IsHalted()
T0DFC 023:377.204 - 0.646ms returns FALSE
T0DFC 023:377.264 JLINK_IsHalted()
T0DFC 023:377.936 - 0.671ms returns FALSE
T0DFC 023:485.524 JLINK_IsHalted()
T0DFC 023:486.314 - 0.789ms returns FALSE
T0DFC 023:486.446 JLINK_IsHalted()
T0DFC 023:487.142 - 0.693ms returns FALSE
T0DFC 023:595.304 JLINK_IsHalted()
T0DFC 023:596.144 - 0.838ms returns FALSE
T0DFC 023:596.318 JLINK_IsHalted()
T0DFC 023:597.036 - 0.716ms returns FALSE
T0DFC 023:704.252 JLINK_IsHalted()
T0DFC 023:704.984 - 0.730ms returns FALSE
T0DFC 023:705.106 JLINK_IsHalted()
T0DFC 023:705.642 - 0.534ms returns FALSE
T0DFC 023:814.492 JLINK_IsHalted()
T0DFC 023:815.420 - 0.924ms returns FALSE
T0DFC 023:815.592 JLINK_IsHalted()
T0DFC 023:816.292 - 0.696ms returns FALSE
T1D6C 023:849.480 JLINK_IsHalted()
T1D6C 023:850.144 - 0.661ms returns FALSE
T1D6C 023:850.240 JLINK_IsHalted()
T1D6C 023:850.662 - 0.423ms returns FALSE
T0DFC 023:923.808 JLINK_IsHalted()
T0DFC 023:924.636 - 0.826ms returns FALSE
T0DFC 023:924.762 JLINK_IsHalted()
T0DFC 023:925.420 - 0.657ms returns FALSE
T0DFC 024:033.104 JLINK_IsHalted()
T0DFC 024:033.728 - 0.621ms returns FALSE
T0DFC 024:033.822 JLINK_IsHalted()
T0DFC 024:034.454 - 0.631ms returns FALSE
T0DFC 024:141.808 JLINK_IsHalted()
T0DFC 024:142.522 - 0.712ms returns FALSE
T0DFC 024:142.644 JLINK_IsHalted()
T0DFC 024:143.402 - 0.757ms returns FALSE
T0DFC 024:251.348 JLINK_IsHalted()
T0DFC 024:252.084 - 0.732ms returns FALSE
T0DFC 024:252.200 JLINK_IsHalted()
T0DFC 024:252.962 - 0.759ms returns FALSE
T0DFC 024:361.052 JLINK_IsHalted()
T0DFC 024:361.920 - 0.866ms returns FALSE
T0DFC 024:362.094 JLINK_IsHalted()
T0DFC 024:362.660 - 0.562ms returns FALSE
T0DFC 024:470.022 JLINK_IsHalted()
T0DFC 024:470.918 - 0.895ms returns FALSE
T0DFC 024:471.036 JLINK_IsHalted()
T0DFC 024:471.666 - 0.630ms returns FALSE
T0DFC 024:580.116 JLINK_IsHalted()
T0DFC 024:580.788 - 0.671ms returns FALSE
T0DFC 024:580.846 JLINK_IsHalted()
T0DFC 024:581.546 - 0.697ms returns FALSE
T0DFC 024:688.912 JLINK_IsHalted()
T0DFC 024:689.698 - 0.784ms returns FALSE
T0DFC 024:689.814 JLINK_IsHalted()
T0DFC 024:690.316 - 0.500ms returns FALSE
T0DFC 024:798.494 JLINK_IsHalted()
T0DFC 024:799.196 - 0.700ms returns FALSE
T0DFC 024:799.318 JLINK_IsHalted()
T0DFC 024:799.942 - 0.621ms returns FALSE
T1D6C 024:850.404 JLINK_IsHalted()
T1D6C 024:850.934 - 0.528ms returns FALSE
T1D6C 024:850.990 JLINK_IsHalted()
T1D6C 024:851.610 - 0.619ms returns FALSE
T0DFC 024:907.310 JLINK_IsHalted()
T0DFC 024:907.748 - 0.437ms returns FALSE
T0DFC 024:907.774 JLINK_IsHalted()
T0DFC 024:908.068 - 0.293ms returns FALSE
T0DFC 025:016.796 JLINK_IsHalted()
T0DFC 025:017.660 - 0.862ms returns FALSE
T0DFC 025:017.772 JLINK_IsHalted()
T0DFC 025:018.412 - 0.637ms returns FALSE
T0DFC 025:126.096 JLINK_IsHalted()
T0DFC 025:126.806 - 0.709ms returns FALSE
T0DFC 025:126.942 JLINK_IsHalted()
T0DFC 025:127.708 - 0.763ms returns FALSE
T0DFC 025:236.300 JLINK_IsHalted()
T0DFC 025:236.948 - 0.646ms returns FALSE
T0DFC 025:237.082 JLINK_IsHalted()
T0DFC 025:237.562 - 0.477ms returns FALSE
T0DFC 025:345.596 JLINK_IsHalted()
T0DFC 025:346.336 - 0.736ms returns FALSE
T0DFC 025:346.488 JLINK_IsHalted()
T0DFC 025:347.116 - 0.625ms returns FALSE
T0DFC 025:454.522 JLINK_IsHalted()
T0DFC 025:455.226 - 0.702ms returns FALSE
T0DFC 025:455.380 JLINK_IsHalted()
T0DFC 025:456.032 - 0.650ms returns FALSE
T0DFC 025:564.088 JLINK_IsHalted()
T0DFC 025:564.812 - 0.722ms returns FALSE
T0DFC 025:564.896 JLINK_IsHalted()
T0DFC 025:565.220 - 0.322ms returns FALSE
T0DFC 025:673.058 JLINK_IsHalted()
T0DFC 025:673.784 - 0.726ms returns FALSE
T0DFC 025:673.888 JLINK_IsHalted()
T0DFC 025:674.428 - 0.549ms returns FALSE
T0DFC 025:782.770 JLINK_IsHalted()
T0DFC 025:783.478 - 0.708ms returns FALSE
T0DFC 025:783.610 JLINK_IsHalted()
T0DFC 025:784.268 - 0.657ms returns FALSE
T1D6C 025:851.820 JLINK_IsHalted()
T1D6C 025:852.658 - 0.836ms returns FALSE
T1D6C 025:852.782 JLINK_IsHalted()
T1D6C 025:853.408 - 0.624ms returns FALSE
T0DFC 025:892.358 JLINK_IsHalted()
T0DFC 025:893.152 - 0.791ms returns FALSE
T0DFC 025:893.282 JLINK_IsHalted()
T0DFC 025:893.932 - 0.649ms returns FALSE
T0DFC 026:002.236 JLINK_IsHalted()
T0DFC 026:003.094 - 0.857ms returns FALSE
T0DFC 026:003.222 JLINK_IsHalted()
T0DFC 026:003.772 - 0.545ms returns FALSE
T0DFC 026:111.034 JLINK_IsHalted()
T0DFC 026:111.776 - 0.741ms returns FALSE
T0DFC 026:111.890 JLINK_IsHalted()
T0DFC 026:112.438 - 0.547ms returns FALSE
T0DFC 026:219.884 JLINK_IsHalted()
T0DFC 026:220.704 - 0.819ms returns FALSE
T0DFC 026:220.812 JLINK_IsHalted()
T0DFC 026:221.216 - 0.402ms returns FALSE
T0DFC 026:329.444 JLINK_IsHalted()
T0DFC 026:330.102 - 0.657ms returns FALSE
T0DFC 026:330.202 JLINK_IsHalted()
T0DFC 026:331.024 - 0.819ms returns FALSE
T0DFC 026:439.636 JLINK_IsHalted()
T0DFC 026:440.372 - 0.733ms returns FALSE
T0DFC 026:440.556 JLINK_IsHalted()
T0DFC 026:441.082 - 0.522ms returns FALSE
T0DFC 026:548.172 JLINK_IsHalted()
T0DFC 026:548.882 - 0.709ms returns FALSE
T0DFC 026:548.978 JLINK_IsHalted()
T0DFC 026:549.548 - 0.570ms returns FALSE
T0DFC 026:658.108 JLINK_IsHalted()
T0DFC 026:658.860 - 0.752ms returns FALSE
T0DFC 026:658.962 JLINK_IsHalted()
T0DFC 026:659.508 - 0.544ms returns FALSE
T0DFC 026:766.916 JLINK_IsHalted()
T0DFC 026:767.716 - 0.801ms returns FALSE
T0DFC 026:767.820 JLINK_IsHalted()
T0DFC 026:768.444 - 0.620ms returns FALSE
T1D6C 026:854.116 JLINK_IsHalted()
T1D6C 026:854.892 - 0.777ms returns FALSE
T1D6C 026:855.020 JLINK_IsHalted()
T1D6C 026:855.616 - 0.591ms returns FALSE
T0DFC 026:876.876 JLINK_IsHalted()
T0DFC 026:877.636 - 0.758ms returns FALSE
T0DFC 026:877.756 JLINK_IsHalted()
T0DFC 026:878.308 - 0.549ms returns FALSE
T0DFC 026:986.378 JLINK_IsHalted()
T0DFC 026:987.104 - 0.726ms returns FALSE
T0DFC 026:987.242 JLINK_IsHalted()
T0DFC 026:987.876 - 0.632ms returns FALSE
T0DFC 027:095.446 JLINK_IsHalted()
T0DFC 027:096.256 - 0.808ms returns FALSE
T0DFC 027:096.390 JLINK_IsHalted()
T0DFC 027:096.964 - 0.572ms returns FALSE
T0DFC 027:204.528 JLINK_IsHalted()
T0DFC 027:205.168 - 0.641ms returns FALSE
T0DFC 027:205.290 JLINK_IsHalted()
T0DFC 027:205.862 - 0.571ms returns FALSE
T0DFC 027:315.498 JLINK_IsHalted()
T0DFC 027:316.122 - 0.620ms returns FALSE
T0DFC 027:316.234 JLINK_IsHalted()
T0DFC 027:316.886 - 0.649ms returns FALSE
T0DFC 027:423.556 JLINK_IsHalted()
T0DFC 027:424.284 - 0.730ms returns FALSE
T0DFC 027:424.378 JLINK_IsHalted()
T0DFC 027:424.964 - 0.585ms returns FALSE
T0DFC 027:532.692 JLINK_IsHalted()
T0DFC 027:533.420 - 0.730ms returns FALSE
T0DFC 027:533.578 JLINK_IsHalted()
T0DFC 027:534.220 - 0.641ms returns FALSE
T0DFC 027:642.838 JLINK_IsHalted()
T0DFC 027:643.556 - 0.716ms returns FALSE
T0DFC 027:643.680 JLINK_IsHalted()
T0DFC 027:644.224 - 0.543ms returns FALSE
T0DFC 027:751.020 JLINK_IsHalted()
T0DFC 027:751.734 - 0.712ms returns FALSE
T0DFC 027:751.840 JLINK_IsHalted()
T0DFC 027:752.368 - 0.527ms returns FALSE
T1D6C 027:856.826 JLINK_IsHalted()
T1D6C 027:857.652 - 0.824ms returns FALSE
T1D6C 027:857.788 JLINK_IsHalted()
T1D6C 027:858.396 - 0.606ms returns FALSE
T0DFC 027:860.438 JLINK_IsHalted()
T0DFC 027:861.050 - 0.609ms returns FALSE
T0DFC 027:861.162 JLINK_IsHalted()
T0DFC 027:861.984 - 0.821ms returns FALSE
T0DFC 027:970.212 JLINK_IsHalted()
T0DFC 027:970.710 - 0.500ms returns FALSE
T0DFC 027:970.764 JLINK_IsHalted()
T0DFC 027:971.204 - 0.438ms returns FALSE
T0DFC 028:081.268 JLINK_IsHalted()
T0DFC 028:082.102 - 0.834ms returns FALSE
T0DFC 028:082.256 JLINK_IsHalted()
T0DFC 028:082.908 - 0.649ms returns FALSE
T0DFC 028:188.586 JLINK_IsHalted()
T0DFC 028:189.382 - 0.794ms returns FALSE
T0DFC 028:189.498 JLINK_IsHalted()
T0DFC 028:190.166 - 0.669ms returns FALSE
T0DFC 028:298.628 JLINK_IsHalted()
T0DFC 028:299.468 - 0.839ms returns FALSE
T0DFC 028:299.584 JLINK_IsHalted()
T0DFC 028:300.214 - 0.628ms returns FALSE
T0DFC 028:408.150 JLINK_IsHalted()
T0DFC 028:408.934 - 0.783ms returns FALSE
T0DFC 028:409.044 JLINK_IsHalted()
T0DFC 028:409.686 - 0.640ms returns FALSE
T0DFC 028:516.732 JLINK_IsHalted()
T0DFC 028:517.354 - 0.618ms returns FALSE
T0DFC 028:517.440 JLINK_IsHalted()
T0DFC 028:517.942 - 0.499ms returns FALSE
T0DFC 028:626.464 JLINK_IsHalted()
T0DFC 028:627.226 - 0.760ms returns FALSE
T0DFC 028:627.402 JLINK_IsHalted()
T0DFC 028:627.844 - 0.441ms returns FALSE
T0DFC 028:736.004 JLINK_IsHalted()
T0DFC 028:736.656 - 0.652ms returns FALSE
T0DFC 028:736.752 JLINK_IsHalted()
T0DFC 028:737.334 - 0.583ms returns FALSE
T0DFC 028:845.258 JLINK_IsHalted()
T0DFC 028:845.962 - 0.703ms returns FALSE
T0DFC 028:846.106 JLINK_IsHalted()
T0DFC 028:846.752 - 0.644ms returns FALSE
T1D6C 028:859.324 JLINK_IsHalted()
T1D6C 028:860.096 - 0.771ms returns FALSE
T1D6C 028:860.188 JLINK_IsHalted()
T1D6C 028:860.820 - 0.630ms returns FALSE
T0DFC 028:954.282 JLINK_IsHalted()
T0DFC 028:955.140 - 0.854ms returns FALSE
T0DFC 028:955.306 JLINK_IsHalted()
T0DFC 028:955.846 - 0.538ms returns FALSE
T0DFC 029:064.134 JLINK_IsHalted()
T0DFC 029:064.800 - 0.664ms returns FALSE
T0DFC 029:064.912 JLINK_IsHalted()
T0DFC 029:065.616 - 0.704ms returns FALSE
T0DFC 029:173.366 JLINK_IsHalted()
T0DFC 029:174.214 - 0.844ms returns FALSE
T0DFC 029:174.428 JLINK_IsHalted()
T0DFC 029:175.012 - 0.580ms returns FALSE
T0DFC 029:282.470 JLINK_IsHalted()
T0DFC 029:283.152 - 0.681ms returns FALSE
T0DFC 029:283.260 JLINK_IsHalted()
T0DFC 029:283.830 - 0.567ms returns FALSE
T0DFC 029:393.004 JLINK_IsHalted()
T0DFC 029:393.840 - 0.831ms returns FALSE
T0DFC 029:393.990 JLINK_IsHalted()
T0DFC 029:394.554 - 0.561ms returns FALSE
T0DFC 029:501.892 JLINK_IsHalted()
T0DFC 029:502.774 - 0.883ms returns FALSE
T0DFC 029:502.982 JLINK_IsHalted()
T0DFC 029:503.606 - 0.622ms returns FALSE
T0DFC 029:610.918 JLINK_IsHalted()
T0DFC 029:611.690 - 0.772ms returns FALSE
T0DFC 029:611.808 JLINK_IsHalted()
T0DFC 029:612.496 - 0.685ms returns FALSE
T0DFC 029:720.330 JLINK_IsHalted()
T0DFC 029:721.066 - 0.735ms returns FALSE
T0DFC 029:721.184 JLINK_IsHalted()
T0DFC 029:721.850 - 0.666ms returns FALSE
T0DFC 029:829.820 JLINK_IsHalted()
T0DFC 029:830.620 - 0.798ms returns FALSE
T0DFC 029:830.748 JLINK_IsHalted()
T0DFC 029:831.364 - 0.610ms returns FALSE
T1D6C 029:861.824 JLINK_IsHalted()
T1D6C 029:862.566 - 0.742ms returns FALSE
T1D6C 029:862.678 JLINK_IsHalted()
T1D6C 029:863.412 - 0.727ms returns FALSE
T0DFC 029:939.002 JLINK_IsHalted()
T0DFC 029:939.654 - 0.654ms returns FALSE
T0DFC 029:939.722 JLINK_IsHalted()
T0DFC 029:940.292 - 0.571ms returns FALSE
T0DFC 030:048.208 JLINK_IsHalted()
T0DFC 030:048.836 - 0.627ms returns FALSE
T0DFC 030:048.890 JLINK_IsHalted()
T0DFC 030:049.600 - 0.708ms returns FALSE
T0DFC 030:157.580 JLINK_IsHalted()
T0DFC 030:158.310 - 0.728ms returns FALSE
T0DFC 030:158.416 JLINK_IsHalted()
T0DFC 030:159.050 - 0.629ms returns FALSE
T0DFC 030:267.108 JLINK_IsHalted()
T0DFC 030:267.830 - 0.722ms returns FALSE
T0DFC 030:267.930 JLINK_IsHalted()
T0DFC 030:268.468 - 0.537ms returns FALSE
T0DFC 030:376.588 JLINK_IsHalted()
T0DFC 030:377.412 - 0.824ms returns FALSE
T0DFC 030:377.540 JLINK_IsHalted()
T0DFC 030:378.182 - 0.642ms returns FALSE
T0DFC 030:486.144 JLINK_IsHalted()
T0DFC 030:486.992 - 0.847ms returns FALSE
T0DFC 030:487.120 JLINK_IsHalted()
T0DFC 030:487.756 - 0.636ms returns FALSE
T0DFC 030:594.848 JLINK_IsHalted()
T0DFC 030:595.514 - 0.665ms returns FALSE
T0DFC 030:595.612 JLINK_IsHalted()
T0DFC 030:596.164 - 0.548ms returns FALSE
T0DFC 030:705.140 JLINK_IsHalted()
T0DFC 030:705.884 - 0.744ms returns FALSE
T0DFC 030:707.120 JLINK_IsHalted()
T0DFC 030:707.696 - 0.572ms returns FALSE
T0DFC 030:814.468 JLINK_IsHalted()
T0DFC 030:815.236 - 0.768ms returns FALSE
T0DFC 030:815.350 JLINK_IsHalted()
T0DFC 030:815.916 - 0.565ms returns FALSE
T1D6C 030:864.732 JLINK_IsHalted()
T1D6C 030:865.388 - 0.654ms returns FALSE
T1D6C 030:865.492 JLINK_IsHalted()
T1D6C 030:866.134 - 0.640ms returns FALSE
T0DFC 030:923.558 JLINK_IsHalted()
T0DFC 030:924.292 - 0.732ms returns FALSE
T0DFC 030:924.372 JLINK_IsHalted()
T0DFC 030:924.970 - 0.598ms returns FALSE
T0DFC 031:032.998 JLINK_IsHalted()
T0DFC 031:033.642 - 0.644ms returns FALSE
T0DFC 031:033.756 JLINK_IsHalted()
T0DFC 031:034.300 - 0.540ms returns FALSE
T0DFC 031:141.988 JLINK_IsHalted()
T0DFC 031:142.752 - 0.762ms returns FALSE
T0DFC 031:142.860 JLINK_IsHalted()
T0DFC 031:143.380 - 0.515ms returns FALSE
T0DFC 031:252.036 JLINK_IsHalted()
T0DFC 031:252.902 - 0.867ms returns FALSE
T0DFC 031:253.018 JLINK_IsHalted()
T0DFC 031:253.708 - 0.690ms returns FALSE
T0DFC 031:360.502 JLINK_IsHalted()
T0DFC 031:361.290 - 0.786ms returns FALSE
T0DFC 031:361.404 JLINK_IsHalted()
T0DFC 031:361.942 - 0.536ms returns FALSE
T0DFC 031:470.678 JLINK_IsHalted()
T0DFC 031:471.468 - 0.787ms returns FALSE
T0DFC 031:471.574 JLINK_IsHalted()
T0DFC 031:472.108 - 0.535ms returns FALSE
T0DFC 031:579.460 JLINK_IsHalted()
T0DFC 031:580.268 - 0.808ms returns FALSE
T0DFC 031:580.404 JLINK_IsHalted()
T0DFC 031:581.024 - 0.621ms returns FALSE
T0DFC 031:689.036 JLINK_IsHalted()
T0DFC 031:689.814 - 0.777ms returns FALSE
T0DFC 031:689.940 JLINK_IsHalted()
T0DFC 031:690.630 - 0.691ms returns FALSE
T0DFC 031:798.410 JLINK_IsHalted()
T0DFC 031:799.164 - 0.752ms returns FALSE
T0DFC 031:799.302 JLINK_IsHalted()
T0DFC 031:799.978 - 0.676ms returns FALSE
T1D6C 031:867.484 JLINK_IsHalted()
T1D6C 031:868.012 - 0.527ms returns FALSE
T1D6C 031:868.070 JLINK_IsHalted()
T1D6C 031:868.656 - 0.585ms returns FALSE
T0DFC 031:908.138 JLINK_IsHalted()
T0DFC 031:908.870 - 0.731ms returns FALSE
T0DFC 031:908.996 JLINK_IsHalted()
T0DFC 031:909.548 - 0.551ms returns FALSE
T0DFC 032:017.302 JLINK_IsHalted()
T0DFC 032:018.032 - 0.727ms returns FALSE
T0DFC 032:018.156 JLINK_IsHalted()
T0DFC 032:018.714 - 0.554ms returns FALSE
T0DFC 032:128.330 JLINK_IsHalted()
T0DFC 032:129.162 - 0.828ms returns FALSE
T0DFC 032:129.284 JLINK_IsHalted()
T0DFC 032:129.910 - 0.625ms returns FALSE
T0DFC 032:235.712 JLINK_IsHalted()
T0DFC 032:236.406 - 0.693ms returns FALSE
T0DFC 032:236.496 JLINK_IsHalted()
T0DFC 032:237.056 - 0.558ms returns FALSE
T0DFC 032:345.420 JLINK_IsHalted()
T0DFC 032:346.064 - 0.643ms returns FALSE
T0DFC 032:346.138 JLINK_IsHalted()
T0DFC 032:346.848 - 0.708ms returns FALSE
T0DFC 032:454.528 JLINK_IsHalted()
T0DFC 032:455.290 - 0.762ms returns FALSE
T0DFC 032:455.420 JLINK_IsHalted()
T0DFC 032:455.996 - 0.575ms returns FALSE
T0DFC 032:564.410 JLINK_IsHalted()
T0DFC 032:564.982 - 0.572ms returns FALSE
T0DFC 032:565.034 JLINK_IsHalted()
T0DFC 032:565.472 - 0.437ms returns FALSE
T0DFC 032:673.494 JLINK_IsHalted()
T0DFC 032:674.204 - 0.707ms returns FALSE
T0DFC 032:674.316 JLINK_IsHalted()
T0DFC 032:674.874 - 0.556ms returns FALSE
T0DFC 032:782.266 JLINK_IsHalted()
T0DFC 032:783.014 - 0.749ms returns FALSE
T0DFC 032:783.116 JLINK_IsHalted()
T0DFC 032:783.680 - 0.562ms returns FALSE
T1D6C 032:869.740 JLINK_IsHalted()
T1D6C 032:870.406 - 0.663ms returns FALSE
T1D6C 032:870.554 JLINK_IsHalted()
T1D6C 032:871.242 - 0.688ms returns FALSE
T0DFC 032:892.250 JLINK_IsHalted()
T0DFC 032:892.970 - 0.719ms returns FALSE
T0DFC 032:893.094 JLINK_IsHalted()
T0DFC 032:893.594 - 0.499ms returns FALSE
T0DFC 033:001.178 JLINK_IsHalted()
T0DFC 033:002.020 - 0.838ms returns FALSE
T0DFC 033:002.198 JLINK_IsHalted()
T0DFC 033:002.848 - 0.648ms returns FALSE
T0DFC 033:110.778 JLINK_IsHalted()
T0DFC 033:111.644 - 0.865ms returns FALSE
T0DFC 033:111.766 JLINK_IsHalted()
T0DFC 033:112.384 - 0.616ms returns FALSE
T0DFC 033:220.586 JLINK_IsHalted()
T0DFC 033:221.258 - 0.670ms returns FALSE
T0DFC 033:221.376 JLINK_IsHalted()
T0DFC 033:221.946 - 0.567ms returns FALSE
T0DFC 033:329.264 JLINK_IsHalted()
T0DFC 033:330.000 - 0.735ms returns FALSE
T0DFC 033:330.064 JLINK_IsHalted()
T0DFC 033:330.660 - 0.594ms returns FALSE
T0DFC 033:439.430 JLINK_IsHalted()
T0DFC 033:440.204 - 0.774ms returns FALSE
T0DFC 033:440.298 JLINK_IsHalted()
T0DFC 033:441.068 - 0.769ms returns FALSE
T0DFC 033:548.892 JLINK_IsHalted()
T0DFC 033:549.536 - 0.642ms returns FALSE
T0DFC 033:549.584 JLINK_IsHalted()
T0DFC 033:550.096 - 0.510ms returns FALSE
T0DFC 033:657.992 JLINK_IsHalted()
T0DFC 033:658.692 - 0.697ms returns FALSE
T0DFC 033:658.804 JLINK_IsHalted()
T0DFC 033:659.480 - 0.674ms returns FALSE
T0DFC 033:767.640 JLINK_IsHalted()
T0DFC 033:768.460 - 0.820ms returns FALSE
T0DFC 033:768.580 JLINK_IsHalted()
T0DFC 033:769.256 - 0.673ms returns FALSE
T1D6C 033:872.380 JLINK_IsHalted()
T1D6C 033:872.964 - 0.581ms returns FALSE
T1D6C 033:873.016 JLINK_IsHalted()
T1D6C 033:873.516 - 0.499ms returns FALSE
T0DFC 033:876.020 JLINK_IsHalted()
T0DFC 033:876.712 - 0.693ms returns FALSE
T0DFC 033:876.808 JLINK_IsHalted()
T0DFC 033:877.400 - 0.590ms returns FALSE
T0DFC 033:985.360 JLINK_IsHalted()
T0DFC 033:986.096 - 0.733ms returns FALSE
T0DFC 033:986.156 JLINK_IsHalted()
T0DFC 033:986.716 - 0.558ms returns FALSE
T0DFC 034:095.264 JLINK_IsHalted()
T0DFC 034:096.040 - 0.776ms returns FALSE
T0DFC 034:096.156 JLINK_IsHalted()
T0DFC 034:096.752 - 0.594ms returns FALSE
T0DFC 034:205.108 JLINK_IsHalted()
T0DFC 034:205.796 - 0.689ms returns FALSE
T0DFC 034:205.848 JLINK_IsHalted()
T0DFC 034:206.536 - 0.689ms returns FALSE
T0DFC 034:314.012 JLINK_IsHalted()
T0DFC 034:314.728 - 0.710ms returns FALSE
T0DFC 034:314.860 JLINK_IsHalted()
T0DFC 034:315.396 - 0.533ms returns FALSE
T53DC 034:858.844 JLINK_Halt()
T53DC 034:867.672 - 8.830ms returns 0x00
T53DC 034:867.804 JLINK_ReadRegs_64(NumRegs = 1, Indexes: 
T53DC 034:867.828   41)
T53DC 034:867.896    -- CPSR=0x6000000C
T53DC 034:867.944 - 0.138ms returns 0
T53DC 034:868.936 JLINK_Close()
T53DC 034:883.820 - 14.885ms
T53DC 034:883.912   
T53DC 034:883.928   Closed
